Archive member included to satisfy reference by file (symbol)

c:/bin/picosdkv1.5.0/gcc-arm-none-eabi/bin/../lib/gcc/arm-none-eabi/10.3.1/thumb/v6-m/nofp\libgcc.a(_dvmd_tls.o)
                              CMakeFiles/Pill_despenser_project.c.dir/C_/bin/PicoSDKv1.5.0/pico-sdk/src/rp2_common/pico_divider/divider.S.obj (__aeabi_idiv0)
c:/bin/picosdkv1.5.0/gcc-arm-none-eabi/bin/../lib/gcc/arm-none-eabi/10.3.1/../../../../arm-none-eabi/lib/thumb/v6-m/nofp\libg.a(lib_a-calloc.o)
                              CMakeFiles/Pill_despenser_project.c.dir/C_/bin/PicoSDKv1.5.0/pico-sdk/src/rp2_common/pico_malloc/pico_malloc.c.obj (calloc)
c:/bin/picosdkv1.5.0/gcc-arm-none-eabi/bin/../lib/gcc/arm-none-eabi/10.3.1/../../../../arm-none-eabi/lib/thumb/v6-m/nofp\libg.a(lib_a-callocr.o)
                              c:/bin/picosdkv1.5.0/gcc-arm-none-eabi/bin/../lib/gcc/arm-none-eabi/10.3.1/../../../../arm-none-eabi/lib/thumb/v6-m/nofp\libg.a(lib_a-calloc.o) (_calloc_r)
c:/bin/picosdkv1.5.0/gcc-arm-none-eabi/bin/../lib/gcc/arm-none-eabi/10.3.1/../../../../arm-none-eabi/lib/thumb/v6-m/nofp\libg.a(lib_a-errno.o)
                              c:/bin/picosdkv1.5.0/gcc-arm-none-eabi/bin/../lib/gcc/arm-none-eabi/10.3.1/../../../../arm-none-eabi/lib/thumb/v6-m/nofp\libg.a(lib_a-callocr.o) (__errno)
c:/bin/picosdkv1.5.0/gcc-arm-none-eabi/bin/../lib/gcc/arm-none-eabi/10.3.1/../../../../arm-none-eabi/lib/thumb/v6-m/nofp\libg.a(lib_a-impure.o)
                              c:/bin/picosdkv1.5.0/gcc-arm-none-eabi/bin/../lib/gcc/arm-none-eabi/10.3.1/../../../../arm-none-eabi/lib/thumb/v6-m/nofp\libg.a(lib_a-calloc.o) (_impure_ptr)
c:/bin/picosdkv1.5.0/gcc-arm-none-eabi/bin/../lib/gcc/arm-none-eabi/10.3.1/../../../../arm-none-eabi/lib/thumb/v6-m/nofp\libg.a(lib_a-init.o)
                              c:/bin/picosdkv1.5.0/gcc-arm-none-eabi/bin/../lib/gcc/arm-none-eabi/10.3.1/../../../../arm-none-eabi/lib/thumb/v6-m/nofp/crt0.o (__libc_init_array)
c:/bin/picosdkv1.5.0/gcc-arm-none-eabi/bin/../lib/gcc/arm-none-eabi/10.3.1/../../../../arm-none-eabi/lib/thumb/v6-m/nofp\libg.a(lib_a-malloc.o)
                              CMakeFiles/Pill_despenser_project.c.dir/C_/bin/PicoSDKv1.5.0/pico-sdk/src/rp2_common/pico_malloc/pico_malloc.c.obj (malloc)
c:/bin/picosdkv1.5.0/gcc-arm-none-eabi/bin/../lib/gcc/arm-none-eabi/10.3.1/../../../../arm-none-eabi/lib/thumb/v6-m/nofp\libg.a(lib_a-mallocr.o)
                              c:/bin/picosdkv1.5.0/gcc-arm-none-eabi/bin/../lib/gcc/arm-none-eabi/10.3.1/../../../../arm-none-eabi/lib/thumb/v6-m/nofp\libg.a(lib_a-callocr.o) (_malloc_r)
c:/bin/picosdkv1.5.0/gcc-arm-none-eabi/bin/../lib/gcc/arm-none-eabi/10.3.1/../../../../arm-none-eabi/lib/thumb/v6-m/nofp\libg.a(lib_a-mlock.o)
                              c:/bin/picosdkv1.5.0/gcc-arm-none-eabi/bin/../lib/gcc/arm-none-eabi/10.3.1/../../../../arm-none-eabi/lib/thumb/v6-m/nofp\libg.a(lib_a-mallocr.o) (__malloc_lock)
c:/bin/picosdkv1.5.0/gcc-arm-none-eabi/bin/../lib/gcc/arm-none-eabi/10.3.1/../../../../arm-none-eabi/lib/thumb/v6-m/nofp\libg.a(lib_a-realloc.o)
                              CMakeFiles/Pill_despenser_project.c.dir/C_/bin/PicoSDKv1.5.0/pico-sdk/src/rp2_common/pico_malloc/pico_malloc.c.obj (realloc)
c:/bin/picosdkv1.5.0/gcc-arm-none-eabi/bin/../lib/gcc/arm-none-eabi/10.3.1/../../../../arm-none-eabi/lib/thumb/v6-m/nofp\libg.a(lib_a-reallocr.o)
                              c:/bin/picosdkv1.5.0/gcc-arm-none-eabi/bin/../lib/gcc/arm-none-eabi/10.3.1/../../../../arm-none-eabi/lib/thumb/v6-m/nofp\libg.a(lib_a-realloc.o) (_realloc_r)
c:/bin/picosdkv1.5.0/gcc-arm-none-eabi/bin/../lib/gcc/arm-none-eabi/10.3.1/../../../../arm-none-eabi/lib/thumb/v6-m/nofp\libg.a(lib_a-sbrkr.o)
                              c:/bin/picosdkv1.5.0/gcc-arm-none-eabi/bin/../lib/gcc/arm-none-eabi/10.3.1/../../../../arm-none-eabi/lib/thumb/v6-m/nofp\libg.a(lib_a-mallocr.o) (_sbrk_r)
c:/bin/picosdkv1.5.0/gcc-arm-none-eabi/bin/../lib/gcc/arm-none-eabi/10.3.1/../../../../arm-none-eabi/lib/thumb/v6-m/nofp\libg.a(lib_a-strlen-stub.o)
                              CMakeFiles/Pill_despenser_project.c.dir/C_/bin/PicoSDKv1.5.0/pico-sdk/src/rp2_common/pico_stdio/stdio.c.obj (strlen)
c:/bin/picosdkv1.5.0/gcc-arm-none-eabi/bin/../lib/gcc/arm-none-eabi/10.3.1/../../../../arm-none-eabi/lib/thumb/v6-m/nofp\libg.a(lib_a-freer.o)
                              c:/bin/picosdkv1.5.0/gcc-arm-none-eabi/bin/../lib/gcc/arm-none-eabi/10.3.1/../../../../arm-none-eabi/lib/thumb/v6-m/nofp\libg.a(lib_a-malloc.o) (_free_r)
c:/bin/picosdkv1.5.0/gcc-arm-none-eabi/bin/../lib/gcc/arm-none-eabi/10.3.1/../../../../arm-none-eabi/lib/thumb/v6-m/nofp\libg.a(lib_a-lock.o)
                              c:/bin/picosdkv1.5.0/gcc-arm-none-eabi/bin/../lib/gcc/arm-none-eabi/10.3.1/../../../../arm-none-eabi/lib/thumb/v6-m/nofp\libg.a(lib_a-mlock.o) (__retarget_lock_acquire_recursive)
c:/bin/picosdkv1.5.0/gcc-arm-none-eabi/bin/../lib/gcc/arm-none-eabi/10.3.1/../../../../arm-none-eabi/lib/thumb/v6-m/nofp\libg.a(lib_a-memmove.o)
[...]
Memory Configuration

Name             Origin             Length             Attributes
FLASH            0x10000000         0x00200000         xr
RAM              0x20000000         0x00040000         xrw
SCRATCH_X        0x20040000         0x00001000         xrw
SCRATCH_Y        0x20041000         0x00001000         xrw
*default*        0x00000000         0xffffffff

Linker script and memory map

LOAD c:/bin/picosdkv1.5.0/gcc-arm-none-eabi/bin/../lib/gcc/arm-none-eabi/10.3.1/thumb/v6-m/nofp/crti.o
LOAD c:/bin/picosdkv1.5.0/gcc-arm-none-eabi/bin/../lib/gcc/arm-none-eabi/10.3.1/thumb/v6-m/nofp/crtbegin.o
LOAD c:/bin/picosdkv1.5.0/gcc-arm-none-eabi/bin/../lib/gcc/arm-none-eabi/10.3.1/../../../../arm-none-eabi/lib/thumb/v6-m/nofp/crt0.o

.flash_begin    0x10000000        0x0
                0x10000000                __flash_binary_start = .

.boot2          0x10000000      0x100
                0x10000000                __boot2_start__ = .
 *(.boot2)
 .boot2         0x10000000      0x100 C:\Users\Predator\AppData\Local\Temp\ccUw4Hgj.o
                0x10000100                __boot2_end__ = .
                0x00000001                ASSERT (((__boot2_end__ - __boot2_start__) == 0x100), ERROR: Pico second stage bootloader must be 256 bytes in size)

.text           0x10000100     0x49f0
                0x10000100                __logical_binary_start = .
 *(.vectors)
 .vectors       0x10000100       0xd4 CMakeFiles/Pill_despenser_project.c.dir/C_/bin/PicoSDKv1.5.0/pico-sdk/src/rp2_common/pico_standard_link/crt0.S.obj
                0x10000100                __VECTOR_TABLE
                0x10000100                __vectors
                0x100001c0                isr_invalid
                0x100001c0                __default_isrs_start
                0x100001c2                isr_nmi
                0x100001c4                isr_hardfault
                0x100001c6                isr_svcall
                0x100001c8                isr_pendsv
                0x100001ca                isr_systick
                0x100001cc                isr_irq23
                0x100001cc                isr_irq18
                0x100001cc                isr_irq11
                0x100001cc                isr_irq28
                0x100001cc                isr_irq19
                0x100001cc                isr_irq0
                0x100001cc                isr_irq6
                0x100001cc                isr_irq5
                0x100001cc                isr_irq12
                0x100001cc                isr_irq22
                0x100001cc                isr_irq31
                0x100001cc                isr_irq17
                0x100001cc                isr_irq27
                0x100001cc                isr_irq30
                0x100001cc                isr_irq2
                0x100001cc                isr_irq10
                0x100001cc                isr_irq8
                0x100001cc                isr_irq24
                0x100001cc                isr_irq1
                0x100001cc                isr_irq7
                0x100001cc                isr_irq21
                0x100001cc                isr_irq20
                0x100001cc                isr_irq15
                0x100001cc                isr_irq25
                0x100001cc                isr_irq13
                0x100001cc                __unhandled_user_irq
                0x100001cc                isr_irq4
                0x100001cc                isr_irq16
                0x100001cc                isr_irq29
                0x100001cc                isr_irq26
                0x100001cc                __default_isrs_end
                0x100001cc                isr_irq3
                0x100001cc                isr_irq14
                0x100001cc                isr_irq9
                0x100001d2                unhandled_user_irq_num_in_r0
 *(.binary_info_header)
 .binary_info_header
                0x100001d4       0x14 CMakeFiles/Pill_despenser_project.c.dir/C_/bin/PicoSDKv1.5.0/pico-sdk/src/rp2_common/pico_standard_link/crt0.S.obj
                0x100001e8                __binary_info_header_end = .
 *(.reset)
 .reset         0x100001e8       0xa0 CMakeFiles/Pill_despenser_project.c.dir/C_/bin/PicoSDKv1.5.0/pico-sdk/src/rp2_common/pico_standard_link/crt0.S.obj
                0x100001e8                _entry_point
 .reset         0x10000288       0x30 CMakeFiles/Pill_despenser_project.c.dir/C_/bin/PicoSDKv1.5.0/pico-sdk/src/rp2_common/pico_standard_link/binary_info.c.obj
 *(.init)
 .init          0x100002b8        0x4 c:/bin/picosdkv1.5.0/gcc-arm-none-eabi/bin/../lib/gcc/arm-none-eabi/10.3.1/thumb/v6-m/nofp/crti.o
                0x100002b8                _init
 *(EXCLUDE_FILE(*libm.a: *libc.a:*lib_a-mem*.o *libgcc.a:) .text*)
 .text          0x100002bc       0x48 c:/bin/picosdkv1.5.0/gcc-arm-none-eabi/bin/../lib/gcc/arm-none-eabi/10.3.1/thumb/v6-m/nofp/crtbegin.o
 .text.piezo_interrupt
                0x10000304       0x18 CMakeFiles/Pill_despenser_project.c.dir/Final_Version.c.obj
                0x10000304                piezo_interrupt
 .text.calibration_button_callback
                0x1000031c       0x60 CMakeFiles/Pill_despenser_project.c.dir/Final_Version.c.obj
                0x1000031c                calibration_button_callback
 .text.initialize_gpio
                0x1000037c       0xae CMakeFiles/Pill_despenser_project.c.dir/Final_Version.c.obj
                0x1000037c                initialize_gpio
 .text.motor_stop
                0x1000042a       0x20 CMakeFiles/Pill_despenser_project.c.dir/Final_Version.c.obj
                0x1000042a                motor_stop
 .text.blink    0x1000044a       0x20 CMakeFiles/Pill_despenser_project.c.dir/Final_Version.c.obj
                0x1000044a                blink
 *fill*         0x1000046a        0x2 
 .text.middle_point
                0x1000046c       0xbc CMakeFiles/Pill_despenser_project.c.dir/Final_Version.c.obj
                0x1000046c                middle_point
 .text.till_opto_activation
                0x10000528       0xc0 CMakeFiles/Pill_despenser_project.c.dir/Final_Version.c.obj
                0x10000528                till_opto_activation
 .text.calibration
                0x100005e8      0x190 CMakeFiles/Pill_despenser_project.c.dir/Final_Version.c.obj
                0x100005e8                calibration
 .text.tablet_movement
                0x10000778       0xb8 CMakeFiles/Pill_despenser_project.c.dir/Final_Version.c.obj
                0x10000778                tablet_movement
 .text.tablet_drop
                0x10000830       0xbc CMakeFiles/Pill_despenser_project.c.dir/Final_Version.c.obj
                0x10000830                tablet_drop
 .text.main     0x100008ec      0x134 CMakeFiles/Pill_despenser_project.c.dir/Final_Version.c.obj
                0x100008ec                main
 .text.gpio_set_function
                0x10000a20       0x30 CMakeFiles/Pill_despenser_project.c.dir/C_/bin/PicoSDKv1.5.0/pico-sdk/src/rp2_common/hardware_gpio/gpio.c.obj
                0x10000a20                gpio_set_function
 .text.gpio_set_pulls
                0x10000a50       0x34 CMakeFiles/Pill_despenser_project.c.dir/C_/bin/PicoSDKv1.5.0/pico-sdk/src/rp2_common/hardware_gpio/gpio.c.obj
                0x10000a50                gpio_set_pulls
 .text.gpio_set_irq_callback
                0x10000a84       0x48 CMakeFiles/Pill_despenser_project.c.dir/C_/bin/PicoSDKv1.5.0/pico-sdk/src/rp2_common/hardware_gpio/gpio.c.obj
                0x10000a84                gpio_set_irq_callback
 .text.gpio_acknowledge_irq
                0x10000acc       0x18 CMakeFiles/Pill_despenser_project.c.dir/C_/bin/PicoSDKv1.5.0/pico-sdk/src/rp2_common/hardware_gpio/gpio.c.obj
                0x10000acc                gpio_acknowledge_irq
 .text._gpio_set_irq_enabled
                0x10000ae4       0x34 CMakeFiles/Pill_despenser_project.c.dir/C_/bin/PicoSDKv1.5.0/pico-sdk/src/rp2_common/hardware_gpio/gpio.c.obj
 .text.gpio_set_irq_enabled
                0x10000b18       0x20 CMakeFiles/Pill_despenser_project.c.dir/C_/bin/PicoSDKv1.5.0/pico-sdk/src/rp2_common/hardware_gpio/gpio.c.obj
                0x10000b18                gpio_set_irq_enabled
 .text.gpio_set_irq_enabled_with_callback
                0x10000b38       0x20 CMakeFiles/Pill_despenser_project.c.dir/C_/bin/PicoSDKv1.5.0/pico-sdk/src/rp2_common/hardware_gpio/gpio.c.obj
                0x10000b38                gpio_set_irq_enabled_with_callback
 .text.gpio_default_irq_handler
                0x10000b58       0x98 CMakeFiles/Pill_despenser_project.c.dir/C_/bin/PicoSDKv1.5.0/pico-sdk/src/rp2_common/hardware_gpio/gpio.c.obj
 .text.gpio_init
                0x10000bf0       0x16 CMakeFiles/Pill_despenser_project.c.dir/C_/bin/PicoSDKv1.5.0/pico-sdk/src/rp2_common/hardware_gpio/gpio.c.obj
                0x10000bf0                gpio_init
 *fill*         0x10000c06        0x2 
 .text.running_on_fpga
                0x10000c08       0x14 CMakeFiles/Pill_despenser_project.c.dir/C_/bin/PicoSDKv1.5.0/pico-sdk/src/rp2_common/pico_platform/platform.c.obj
                0x10000c08                running_on_fpga
 .text.hw_claim_lock
                0x10000c1c       0x18 CMakeFiles/Pill_despenser_project.c.dir/C_/bin/PicoSDKv1.5.0/pico-sdk/src/rp2_common/hardware_claim/claim.c.obj
                0x10000c1c                hw_claim_lock
 .text.hw_claim_unlock
                0x10000c34       0x14 CMakeFiles/Pill_despenser_project.c.dir/C_/bin/PicoSDKv1.5.0/pico-sdk/src/rp2_common/hardware_claim/claim.c.obj
                0x10000c34                hw_claim_unlock
 .text.hw_claim_or_assert
                0x10000c48       0x32 CMakeFiles/Pill_despenser_project.c.dir/C_/bin/PicoSDKv1.5.0/pico-sdk/src/rp2_common/hardware_claim/claim.c.obj
                0x10000c48                hw_claim_or_assert
 *fill*         0x10000c7a        0x2 
 .text.spin_locks_reset
                0x10000c7c       0x20 CMakeFiles/Pill_despenser_project.c.dir/C_/bin/PicoSDKv1.5.0/pico-sdk/src/rp2_common/hardware_sync/sync.c.obj
                0x10000c7c                spin_locks_reset
 .text.next_striped_spin_lock_num
                0x10000c9c       0x1c CMakeFiles/Pill_despenser_project.c.dir/C_/bin/PicoSDKv1.5.0/pico-sdk/src/rp2_common/hardware_sync/sync.c.obj
                0x10000c9c                next_striped_spin_lock_num
 .text.set_raw_irq_handler_and_unlock
                0x10000cb8       0x28 CMakeFiles/Pill_despenser_project.c.dir/C_/bin/PicoSDKv1.5.0/pico-sdk/src/rp2_common/hardware_irq/irq.c.obj
 .text.make_branch
                0x10000ce0       0x48 CMakeFiles/Pill_despenser_project.c.dir/C_/bin/PicoSDKv1.5.0/pico-sdk/src/rp2_common/hardware_irq/irq.c.obj
 .text.insert_branch_and_link
                0x10000d28       0x40 CMakeFiles/Pill_despenser_project.c.dir/C_/bin/PicoSDKv1.5.0/pico-sdk/src/rp2_common/hardware_irq/irq.c.obj
 .text.irq_is_enabled
                0x10000d68       0x18 CMakeFiles/Pill_despenser_project.c.dir/C_/bin/PicoSDKv1.5.0/pico-sdk/src/rp2_common/hardware_irq/irq.c.obj
                0x10000d68                irq_is_enabled
 .text.irq_set_mask_enabled
                0x10000d80       0x20 CMakeFiles/Pill_despenser_project.c.dir/C_/bin/PicoSDKv1.5.0/pico-sdk/src/rp2_common/hardware_irq/irq.c.obj
                0x10000d80                irq_set_mask_enabled
 .text.irq_set_enabled
                0x10000da0        0xe CMakeFiles/Pill_despenser_project.c.dir/C_/bin/PicoSDKv1.5.0/pico-sdk/src/rp2_common/hardware_irq/irq.c.obj
                0x10000da0                irq_set_enabled
 *fill*         0x10000dae        0x2 
 .text.irq_get_vtable_handler
                0x10000db0       0x10 CMakeFiles/Pill_despenser_project.c.dir/C_/bin/PicoSDKv1.5.0/pico-sdk/src/rp2_common/hardware_irq/irq.c.obj
                0x10000db0                irq_get_vtable_handler
 .text.irq_set_exclusive_handler
                0x10000dc0       0x54 CMakeFiles/Pill_despenser_project.c.dir/C_/bin/PicoSDKv1.5.0/pico-sdk/src/rp2_common/hardware_irq/irq.c.obj
                0x10000dc0                irq_set_exclusive_handler
 .text.irq_add_shared_handler
                0x10000e14      0x234 CMakeFiles/Pill_despenser_project.c.dir/C_/bin/PicoSDKv1.5.0/pico-sdk/src/rp2_common/hardware_irq/irq.c.obj
                0x10000e14                irq_add_shared_handler
 .text.irq_remove_handler
                0x10001048      0x1ac CMakeFiles/Pill_despenser_project.c.dir/C_/bin/PicoSDKv1.5.0/pico-sdk/src/rp2_common/hardware_irq/irq.c.obj
                0x10001048                irq_remove_handler
 .text.irq_add_tail_to_free_list
                0x100011f4       0xf0 CMakeFiles/Pill_despenser_project.c.dir/C_/bin/PicoSDKv1.5.0/pico-sdk/src/rp2_common/hardware_irq/irq.c.obj
                0x100011f4                irq_add_tail_to_free_list
 .text.irq_init_priorities
                0x100012e4       0x1c CMakeFiles/Pill_despenser_project.c.dir/C_/bin/PicoSDKv1.5.0/pico-sdk/src/rp2_common/hardware_irq/irq.c.obj
                0x100012e4                irq_init_priorities
 .text.lock_init
                0x10001300       0x10 CMakeFiles/Pill_despenser_project.c.dir/C_/bin/PicoSDKv1.5.0/pico-sdk/src/common/pico_sync/lock_core.c.obj
                0x10001300                lock_init
 .text.mutex_init
                0x10001310       0x1a CMakeFiles/Pill_despenser_project.c.dir/C_/bin/PicoSDKv1.5.0/pico-sdk/src/common/pico_sync/mutex.c.obj
                0x10001310                mutex_init
 .text.recursive_mutex_init
                0x1000132a       0x1e CMakeFiles/Pill_despenser_project.c.dir/C_/bin/PicoSDKv1.5.0/pico-sdk/src/common/pico_sync/mutex.c.obj
                0x1000132a                recursive_mutex_init
 .text.alarm_pool_post_alloc_init
                0x10001348       0x40 CMakeFiles/Pill_despenser_project.c.dir/C_/bin/PicoSDKv1.5.0/pico-sdk/src/common/pico_time/time.c.obj
 .text.sleep_until_callback
                0x10001388       0x30 CMakeFiles/Pill_despenser_project.c.dir/C_/bin/PicoSDKv1.5.0/pico-sdk/src/common/pico_time/time.c.obj
 .text.timer_pool_entry_comparator
                0x100013b8       0x7c CMakeFiles/Pill_despenser_project.c.dir/C_/bin/PicoSDKv1.5.0/pico-sdk/src/common/pico_time/time.c.obj
                0x100013b8                timer_pool_entry_comparator
 .text.ph_add_child_node
                0x10001434       0xa4 CMakeFiles/Pill_despenser_project.c.dir/C_/bin/PicoSDKv1.5.0/pico-sdk/src/common/pico_time/time.c.obj
 .text.ph_merge_nodes
                0x100014d8       0x3e CMakeFiles/Pill_despenser_project.c.dir/C_/bin/PicoSDKv1.5.0/pico-sdk/src/common/pico_time/time.c.obj
 *fill*         0x10001516        0x2 
 .text.add_alarm_under_lock
                0x10001518      0x174 CMakeFiles/Pill_despenser_project.c.dir/C_/bin/PicoSDKv1.5.0/pico-sdk/src/common/pico_time/time.c.obj
 .text.alarm_pool_alarm_callback
                0x1000168c      0x33c CMakeFiles/Pill_despenser_project.c.dir/C_/bin/PicoSDKv1.5.0/pico-sdk/src/common/pico_time/time.c.obj
 .text.alarm_pool_init_default
                0x100019c8       0x40 CMakeFiles/Pill_despenser_project.c.dir/C_/bin/PicoSDKv1.5.0/pico-sdk/src/common/pico_time/time.c.obj
                0x100019c8                alarm_pool_init_default
 .text.alarm_pool_get_default
                0x10001a08       0x2c CMakeFiles/Pill_despenser_project.c.dir/C_/bin/PicoSDKv1.5.0/pico-sdk/src/common/pico_time/time.c.obj
                0x10001a08                alarm_pool_get_default
 .text.alarm_pool_add_alarm_at
                0x10001a34      0x168 CMakeFiles/Pill_despenser_project.c.dir/C_/bin/PicoSDKv1.5.0/pico-sdk/src/common/pico_time/time.c.obj
                0x10001a34                alarm_pool_add_alarm_at
 .text.alarm_pool_cancel_alarm
                0x10001b9c       0xf0 CMakeFiles/Pill_despenser_project.c.dir/C_/bin/PicoSDKv1.5.0/pico-sdk/src/common/pico_time/time.c.obj
                0x10001b9c                alarm_pool_cancel_alarm
 .text.sleep_until
                0x10001c8c       0xfc CMakeFiles/Pill_despenser_project.c.dir/C_/bin/PicoSDKv1.5.0/pico-sdk/src/common/pico_time/time.c.obj
                0x10001c8c                sleep_until
 .text.sleep_us
                0x10001d88       0x58 CMakeFiles/Pill_despenser_project.c.dir/C_/bin/PicoSDKv1.5.0/pico-sdk/src/common/pico_time/time.c.obj
                0x10001d88                sleep_us
 .text.sleep_ms
                0x10001de0       0x14 CMakeFiles/Pill_despenser_project.c.dir/C_/bin/PicoSDKv1.5.0/pico-sdk/src/common/pico_time/time.c.obj
                0x10001de0                sleep_ms
 .text.best_effort_wfe_or_timeout
                0x10001df4       0xac CMakeFiles/Pill_despenser_project.c.dir/C_/bin/PicoSDKv1.5.0/pico-sdk/src/common/pico_time/time.c.obj
                0x10001df4                best_effort_wfe_or_timeout
 .text.hardware_alarm_irq_handler
                0x10001ea0       0x90 CMakeFiles/Pill_despenser_project.c.dir/C_/bin/PicoSDKv1.5.0/pico-sdk/src/rp2_common/hardware_timer/timer.c.obj
 .text.hardware_alarm_claim
                0x10001f30       0x18 CMakeFiles/Pill_despenser_project.c.dir/C_/bin/PicoSDKv1.5.0/pico-sdk/src/rp2_common/hardware_timer/timer.c.obj
                0x10001f30                hardware_alarm_claim
 .text.time_us_64
                0x10001f48       0x18 CMakeFiles/Pill_despenser_project.c.dir/C_/bin/PicoSDKv1.5.0/pico-sdk/src/rp2_common/hardware_timer/timer.c.obj
                0x10001f48                time_us_64
 .text.busy_wait_until
                0x10001f60       0x28 CMakeFiles/Pill_despenser_project.c.dir/C_/bin/PicoSDKv1.5.0/pico-sdk/src/rp2_common/hardware_timer/timer.c.obj
                0x10001f60                busy_wait_until
 .text.hardware_alarm_set_callback
                0x10001f88       0x90 CMakeFiles/Pill_despenser_project.c.dir/C_/bin/PicoSDKv1.5.0/pico-sdk/src/rp2_common/hardware_timer/timer.c.obj
                0x10001f88                hardware_alarm_set_callback
 .text.hardware_alarm_set_target
                0x10002018       0xe8 CMakeFiles/Pill_despenser_project.c.dir/C_/bin/PicoSDKv1.5.0/pico-sdk/src/rp2_common/hardware_timer/timer.c.obj
                0x10002018                hardware_alarm_set_target
 .text.hardware_alarm_cancel
                0x10002100       0x40 CMakeFiles/Pill_despenser_project.c.dir/C_/bin/PicoSDKv1.5.0/pico-sdk/src/rp2_common/hardware_timer/timer.c.obj
                0x10002100                hardware_alarm_cancel
 .text.ph_add_child_node
                0x10002140       0xa4 CMakeFiles/Pill_despenser_project.c.dir/C_/bin/PicoSDKv1.5.0/pico-sdk/src/common/pico_util/pheap.c.obj
 .text.ph_merge_nodes
                0x100021e4       0x3e CMakeFiles/Pill_despenser_project.c.dir/C_/bin/PicoSDKv1.5.0/pico-sdk/src/common/pico_util/pheap.c.obj
 *fill*         0x10002222        0x2 
 .text.ph_clear
                0x10002224       0x70 CMakeFiles/Pill_despenser_project.c.dir/C_/bin/PicoSDKv1.5.0/pico-sdk/src/common/pico_util/pheap.c.obj
                0x10002224                ph_clear
 .text.ph_post_alloc_init
                0x10002294        0xe CMakeFiles/Pill_despenser_project.c.dir/C_/bin/PicoSDKv1.5.0/pico-sdk/src/common/pico_util/pheap.c.obj
                0x10002294                ph_post_alloc_init
 *fill*         0x100022a2        0x2 
 .text.ph_merge_two_pass
                0x100022a4       0xa8 CMakeFiles/Pill_despenser_project.c.dir/C_/bin/PicoSDKv1.5.0/pico-sdk/src/common/pico_util/pheap.c.obj
                0x100022a4                ph_merge_two_pass
 .text.ph_remove_any_head
                0x1000234c      0x128 CMakeFiles/Pill_despenser_project.c.dir/C_/bin/PicoSDKv1.5.0/pico-sdk/src/common/pico_util/pheap.c.obj
 .text.ph_remove_head
                0x10002474       0x14 CMakeFiles/Pill_despenser_project.c.dir/C_/bin/PicoSDKv1.5.0/pico-sdk/src/common/pico_util/pheap.c.obj
                0x10002474                ph_remove_head
 .text.ph_remove_and_free_node
                0x10002488       0xf8 CMakeFiles/Pill_despenser_project.c.dir/C_/bin/PicoSDKv1.5.0/pico-sdk/src/common/pico_util/pheap.c.obj
                0x10002488                ph_remove_and_free_node
 .text.uart_set_baudrate
                0x10002580       0x5c CMakeFiles/Pill_despenser_project.c.dir/C_/bin/PicoSDKv1.5.0/pico-sdk/src/rp2_common/hardware_uart/uart.c.obj
                0x10002580                uart_set_baudrate
 .text.uart_set_translate_crlf
                0x100025dc       0x28 CMakeFiles/Pill_despenser_project.c.dir/C_/bin/PicoSDKv1.5.0/pico-sdk/src/rp2_common/hardware_uart/uart.c.obj
                0x100025dc                uart_set_translate_crlf
 .text.uart_init
                0x10002604       0x80 CMakeFiles/Pill_despenser_project.c.dir/C_/bin/PicoSDKv1.5.0/pico-sdk/src/rp2_common/hardware_uart/uart.c.obj
                0x10002604                uart_init
 .text.clock_configure
                0x10002684      0x104 CMakeFiles/Pill_despenser_project.c.dir/C_/bin/PicoSDKv1.5.0/pico-sdk/src/rp2_common/hardware_clocks/clocks.c.obj
                0x10002684                clock_configure
 .text.clocks_init
                0x10002788      0x100 CMakeFiles/Pill_despenser_project.c.dir/C_/bin/PicoSDKv1.5.0/pico-sdk/src/rp2_common/hardware_clocks/clocks.c.obj
                0x10002788                clocks_init
 .text.clock_get_hz
                0x10002888        0xc CMakeFiles/Pill_despenser_project.c.dir/C_/bin/PicoSDKv1.5.0/pico-sdk/src/rp2_common/hardware_clocks/clocks.c.obj
                0x10002888                clock_get_hz
 .text.pll_init
                0x10002894      0x12c CMakeFiles/Pill_despenser_project.c.dir/C_/bin/PicoSDKv1.5.0/pico-sdk/src/rp2_common/hardware_pll/pll.c.obj
                0x10002894                pll_init
 .text.watchdog_start_tick
                0x100029c0       0x10 CMakeFiles/Pill_despenser_project.c.dir/C_/bin/PicoSDKv1.5.0/pico-sdk/src/rp2_common/hardware_watchdog/watchdog.c.obj
                0x100029c0                watchdog_start_tick
 .text.xosc_init
                0x100029d0       0x28 CMakeFiles/Pill_despenser_project.c.dir/C_/bin/PicoSDKv1.5.0/pico-sdk/src/rp2_common/hardware_xosc/xosc.c.obj
                0x100029d0                xosc_init
 .text._exit    0x100029f8        0x4 CMakeFiles/Pill_despenser_project.c.dir/C_/bin/PicoSDKv1.5.0/pico-sdk/src/rp2_common/pico_runtime/runtime.c.obj
                0x100029f8                _exit
 .text.exit     0x100029fc        0x6 CMakeFiles/Pill_despenser_project.c.dir/C_/bin/PicoSDKv1.5.0/pico-sdk/src/rp2_common/pico_runtime/runtime.c.obj
                0x100029fc                exit
 *fill*         0x10002a02        0x2 
 .text.__assert_func
                0x10002a04       0x3c CMakeFiles/Pill_despenser_project.c.dir/C_/bin/PicoSDKv1.5.0/pico-sdk/src/rp2_common/pico_runtime/runtime.c.obj
                0x10002a04                __assert_func
 .text.runtime_init
                0x10002a40       0xf8 CMakeFiles/Pill_despenser_project.c.dir/C_/bin/PicoSDKv1.5.0/pico-sdk/src/rp2_common/pico_runtime/runtime.c.obj
                0x10002a40                runtime_init
 .text.panic    0x10002b38       0x30 CMakeFiles/Pill_despenser_project.c.dir/C_/bin/PicoSDKv1.5.0/pico-sdk/src/rp2_common/pico_runtime/runtime.c.obj
                0x10002b38                panic
 .text._out_null
                0x10002b68        0x2 CMakeFiles/Pill_despenser_project.c.dir/C_/bin/PicoSDKv1.5.0/pico-sdk/src/rp2_common/pico_printf/printf.c.obj
 .text._out_fct
                0x10002b6a        0xe CMakeFiles/Pill_despenser_project.c.dir/C_/bin/PicoSDKv1.5.0/pico-sdk/src/rp2_common/pico_printf/printf.c.obj
 .text._atoi    0x10002b78       0x24 CMakeFiles/Pill_despenser_project.c.dir/C_/bin/PicoSDKv1.5.0/pico-sdk/src/rp2_common/pico_printf/printf.c.obj
 .text._out_rev
                0x10002b9c       0xae CMakeFiles/Pill_despenser_project.c.dir/C_/bin/PicoSDKv1.5.0/pico-sdk/src/rp2_common/pico_printf/printf.c.obj
 .text._ntoa_format
                0x10002c4a      0x112 CMakeFiles/Pill_despenser_project.c.dir/C_/bin/PicoSDKv1.5.0/pico-sdk/src/rp2_common/pico_printf/printf.c.obj
 .text._ntoa_long
                0x10002d5c       0xbc CMakeFiles/Pill_despenser_project.c.dir/C_/bin/PicoSDKv1.5.0/pico-sdk/src/rp2_common/pico_printf/printf.c.obj
 .text._ntoa_long_long
                0x10002e18       0xe2 CMakeFiles/Pill_despenser_project.c.dir/C_/bin/PicoSDKv1.5.0/pico-sdk/src/rp2_common/pico_printf/printf.c.obj
 *fill*         0x10002efa        0x2 
 .text._etoa    0x10002efc      0x414 CMakeFiles/Pill_despenser_project.c.dir/C_/bin/PicoSDKv1.5.0/pico-sdk/src/rp2_common/pico_printf/printf.c.obj
 .text._ftoa    0x10003310      0x354 CMakeFiles/Pill_despenser_project.c.dir/C_/bin/PicoSDKv1.5.0/pico-sdk/src/rp2_common/pico_printf/printf.c.obj
 .text._vsnprintf
                0x10003664      0x624 CMakeFiles/Pill_despenser_project.c.dir/C_/bin/PicoSDKv1.5.0/pico-sdk/src/rp2_common/pico_printf/printf.c.obj
 .text.vfctprintf
                0x10003c88       0x20 CMakeFiles/Pill_despenser_project.c.dir/C_/bin/PicoSDKv1.5.0/pico-sdk/src/rp2_common/pico_printf/printf.c.obj
                0x10003c88                vfctprintf
 .text          0x10003ca8       0x10 CMakeFiles/Pill_despenser_project.c.dir/C_/bin/PicoSDKv1.5.0/pico-sdk/src/rp2_common/pico_bit_ops/bit_ops_aeabi.S.obj
 .text.rom_func_lookup
                0x10003cb8       0x10 CMakeFiles/Pill_despenser_project.c.dir/C_/bin/PicoSDKv1.5.0/pico-sdk/src/rp2_common/pico_bootrom/bootrom.c.obj
                0x10003cb8                rom_func_lookup
 .text.rom_data_lookup
                0x10003cc8       0x10 CMakeFiles/Pill_despenser_project.c.dir/C_/bin/PicoSDKv1.5.0/pico-sdk/src/rp2_common/pico_bootrom/bootrom.c.obj
                0x10003cc8                rom_data_lookup
 .text.rom_funcs_lookup
                0x10003cd8       0x36 CMakeFiles/Pill_despenser_project.c.dir/C_/bin/PicoSDKv1.5.0/pico-sdk/src/rp2_common/pico_bootrom/bootrom.c.obj
                0x10003cd8                rom_funcs_lookup
 *fill*         0x10003d0e        0x2 
 .text.__wrap___aeabi_idiv
                0x10003d10       0x50 CMakeFiles/Pill_despenser_project.c.dir/C_/bin/PicoSDKv1.5.0/pico-sdk/src/rp2_common/pico_divider/divider.S.obj
                0x10003d10                __wrap___aeabi_idivmod
                0x10003d10                divmod_s32s32
                0x10003d10                div_s32s32
                0x10003d10                __wrap___aeabi_idiv
                0x10003d18                divmod_s32s32_unsafe
                0x10003d44                divmod_s32s32_savestate
 .text.__wrap___aeabi_uidiv
                0x10003d60       0x4c CMakeFiles/Pill_despenser_project.c.dir/C_/bin/PicoSDKv1.5.0/pico-sdk/src/rp2_common/pico_divider/divider.S.obj
                0x10003d60                __wrap___aeabi_uidiv
                0x10003d60                __wrap___aeabi_uidivmod
                0x10003d60                div_u32u32
                0x10003d60                divmod_u32u32
                0x10003d68                divmod_u32u32_unsafe
                0x10003d90                divmod_u32u32_savestate
 .text.__wrap___aeabi_ldiv
                0x10003dac      0x424 CMakeFiles/Pill_despenser_project.c.dir/C_/bin/PicoSDKv1.5.0/pico-sdk/src/rp2_common/pico_divider/divider.S.obj
                0x10003dac                div_s64s64
                0x10003dac                divmod_s64s64
                0x10003dac                __wrap___aeabi_ldivmod
                0x10003ddc                divmod_u64u64
                0x10003ddc                div_u64u64
                0x10003ddc                __wrap___aeabi_uldivmod
                0x10003dec                divmod_u64u64_savestate
                0x10003e0c                divmod_s64s64_unsafe
                0x10003e94                divmod_u64u64_unsafe
 .text.__wrap___aeabi_darithmetic
                0x100041d0       0x60 CMakeFiles/Pill_despenser_project.c.dir/C_/bin/PicoSDKv1.5.0/pico-sdk/src/rp2_common/pico_double/double_aeabi.S.obj
                0x100041d0                __wrap___aeabi_drsub
                0x100041d6                __wrap___aeabi_dsub
                0x100041e0                __wrap___aeabi_dadd
                0x100041ea                __wrap___aeabi_ddiv
                0x1000421e                __wrap___aeabi_dmul
 .text.__wrap___aeabi_cdcmple
                0x10004230       0x6c CMakeFiles/Pill_despenser_project.c.dir/C_/bin/PicoSDKv1.5.0/pico-sdk/src/rp2_common/pico_double/double_aeabi.S.obj
                0x10004230                __wrap___aeabi_cdrcmple
                0x10004240                __wrap___aeabi_cdcmpeq
                0x10004240                __wrap___aeabi_cdcmple
 .text.__wrap___aeabi_dcmplt
                0x1000429c        0xc CMakeFiles/Pill_despenser_project.c.dir/C_/bin/PicoSDKv1.5.0/pico-sdk/src/rp2_common/pico_double/double_aeabi.S.obj
                0x1000429c                __wrap___aeabi_dcmplt
 .text.__wrap___aeabi_dcmple
                0x100042a8       0x10 CMakeFiles/Pill_despenser_project.c.dir/C_/bin/PicoSDKv1.5.0/pico-sdk/src/rp2_common/pico_double/double_aeabi.S.obj
                0x100042a8                __wrap___aeabi_dcmple
 .text.__wrap___aeabi_dcmpge
                0x100042b8       0x10 CMakeFiles/Pill_despenser_project.c.dir/C_/bin/PicoSDKv1.5.0/pico-sdk/src/rp2_common/pico_double/double_aeabi.S.obj
                0x100042b8                __wrap___aeabi_dcmpge
 .text.__wrap___aeabi_dcmpgt
                0x100042c8        0xa CMakeFiles/Pill_despenser_project.c.dir/C_/bin/PicoSDKv1.5.0/pico-sdk/src/rp2_common/pico_double/double_aeabi.S.obj
                0x100042c8                __wrap___aeabi_dcmpgt
 .text.__wrap___aeabi_dcmpun
                0x100042d2       0x1c CMakeFiles/Pill_despenser_project.c.dir/C_/bin/PicoSDKv1.5.0/pico-sdk/src/rp2_common/pico_double/double_aeabi.S.obj
                0x100042d2                __wrap___aeabi_dcmpun
 *fill*         0x100042ee        0x2 
 .text.__wrap___aeabi_i2d
                0x100042f0       0x38 CMakeFiles/Pill_despenser_project.c.dir/C_/bin/PicoSDKv1.5.0/pico-sdk/src/rp2_common/pico_double/double_aeabi.S.obj
                0x100042f0                __wrap___aeabi_ui2d
                0x100042f8                __wrap___aeabi_i2d
 .text.__wrap___aeabi_d2iz
                0x10004328       0x48 CMakeFiles/Pill_despenser_project.c.dir/C_/bin/PicoSDKv1.5.0/pico-sdk/src/rp2_common/pico_double/double_aeabi.S.obj
                0x10004328                double2int_z
                0x10004328                __wrap___aeabi_d2iz
 .text.__wrap___aeabi_d2uiz
                0x10004370       0x10 CMakeFiles/Pill_despenser_project.c.dir/C_/bin/PicoSDKv1.5.0/pico-sdk/src/rp2_common/pico_double/double_aeabi.S.obj
                0x10004370                __wrap___aeabi_d2uiz
                0x10004370                double2uint
 .text.missing_double_func_shim
                0x10004380        0xc CMakeFiles/Pill_despenser_project.c.dir/C_/bin/PicoSDKv1.5.0/pico-sdk/src/rp2_common/pico_double/double_init_rom.c.obj
 .text.__aeabi_double_init
                0x1000438c       0xcc CMakeFiles/Pill_despenser_project.c.dir/C_/bin/PicoSDKv1.5.0/pico-sdk/src/rp2_common/pico_double/double_init_rom.c.obj
                0x1000438c                __aeabi_double_init
 .text.double_table_shim_on_use_helper
                0x10004458       0x34 CMakeFiles/Pill_despenser_project.c.dir/C_/bin/PicoSDKv1.5.0/pico-sdk/src/rp2_common/pico_double/double_v1_rom_shim.S.obj
                0x10004458                double_table_shim_on_use_helper
 .text.__aeabi_lmul
                0x1000448c       0x32 CMakeFiles/Pill_despenser_project.c.dir/C_/bin/PicoSDKv1.5.0/pico-sdk/src/rp2_common/pico_int64_ops/pico_int64_ops_aeabi.S.obj
                0x1000448c                __wrap___aeabi_lmul
 *fill*         0x100044be        0x2 
 .text.missing_float_func_shim
                0x100044c0        0xc CMakeFiles/Pill_despenser_project.c.dir/C_/bin/PicoSDKv1.5.0/pico-sdk/src/rp2_common/pico_float/float_init_rom.c.obj
 .text.__aeabi_float_init
                0x100044cc       0x88 CMakeFiles/Pill_despenser_project.c.dir/C_/bin/PicoSDKv1.5.0/pico-sdk/src/rp2_common/pico_float/float_init_rom.c.obj
                0x100044cc                __aeabi_float_init
 .text          0x10004554       0x10 CMakeFiles/Pill_despenser_project.c.dir/C_/bin/PicoSDKv1.5.0/pico-sdk/src/rp2_common/pico_mem_ops/mem_ops_aeabi.S.obj
                0x10004554                __aeabi_mem_init
 .text.memcpy   0x10004564        0xc CMakeFiles/Pill_despenser_project.c.dir/C_/bin/PicoSDKv1.5.0/pico-sdk/src/rp2_common/pico_mem_ops/mem_ops_aeabi.S.obj
                0x10004564                __wrap_memcpy
                0x10004564                __wrap___aeabi_memcpy
 .text.stdio_out_chars_no_crlf
                0x10004570        0xe CMakeFiles/Pill_despenser_project.c.dir/C_/bin/PicoSDKv1.5.0/pico-sdk/src/rp2_common/pico_stdio/stdio.c.obj
 *fill*         0x1000457e        0x2 
 .text.stdio_out_chars_crlf
                0x10004580       0x80 CMakeFiles/Pill_despenser_project.c.dir/C_/bin/PicoSDKv1.5.0/pico-sdk/src/rp2_common/pico_stdio/stdio.c.obj
 .text.stdio_stack_buffer_flush
                0x10004600       0x44 CMakeFiles/Pill_despenser_project.c.dir/C_/bin/PicoSDKv1.5.0/pico-sdk/src/rp2_common/pico_stdio/stdio.c.obj
 .text.stdio_buffered_printer
                0x10004644       0x20 CMakeFiles/Pill_despenser_project.c.dir/C_/bin/PicoSDKv1.5.0/pico-sdk/src/rp2_common/pico_stdio/stdio.c.obj
 .text.stdout_serialize_begin
                0x10004664       0x5c CMakeFiles/Pill_despenser_project.c.dir/C_/bin/PicoSDKv1.5.0/pico-sdk/src/rp2_common/pico_stdio/stdio.c.obj
                0x10004664                stdout_serialize_begin
 .text.stdout_serialize_end
                0x100046c0       0x10 CMakeFiles/Pill_despenser_project.c.dir/C_/bin/PicoSDKv1.5.0/pico-sdk/src/rp2_common/pico_stdio/stdio.c.obj
                0x100046c0                stdout_serialize_end
 .text.stdio_put_string
                0x100046d0       0x98 CMakeFiles/Pill_despenser_project.c.dir/C_/bin/PicoSDKv1.5.0/pico-sdk/src/rp2_common/pico_stdio/stdio.c.obj
 .text.stdio_set_driver_enabled
                0x10004768       0x2c CMakeFiles/Pill_despenser_project.c.dir/C_/bin/PicoSDKv1.5.0/pico-sdk/src/rp2_common/pico_stdio/stdio.c.obj
                0x10004768                stdio_set_driver_enabled
 .text.stdio_flush
                0x10004794       0x20 CMakeFiles/Pill_despenser_project.c.dir/C_/bin/PicoSDKv1.5.0/pico-sdk/src/rp2_common/pico_stdio/stdio.c.obj
                0x10004794                stdio_flush
 .text.__wrap_puts
                0x100047b4       0x1e CMakeFiles/Pill_despenser_project.c.dir/C_/bin/PicoSDKv1.5.0/pico-sdk/src/rp2_common/pico_stdio/stdio.c.obj
                0x100047b4                __wrap_puts
 *fill*         0x100047d2        0x2 
 .text.__wrap_vprintf
                0x100047d4       0x40 CMakeFiles/Pill_despenser_project.c.dir/C_/bin/PicoSDKv1.5.0/pico-sdk/src/rp2_common/pico_stdio/stdio.c.obj
                0x100047d4                __wrap_vprintf
 .text.__wrap_printf
                0x10004814       0x18 CMakeFiles/Pill_despenser_project.c.dir/C_/bin/PicoSDKv1.5.0/pico-sdk/src/rp2_common/pico_stdio/stdio.c.obj
                0x10004814                __wrap_printf
 .text.stdio_init_all
                0x1000482c        0xa CMakeFiles/Pill_despenser_project.c.dir/C_/bin/PicoSDKv1.5.0/pico-sdk/src/rp2_common/pico_stdio/stdio.c.obj
                0x1000482c                stdio_init_all
 *fill*         0x10004836        0x2 
 .text.stdio_uart_out_chars
                0x10004838       0x74 CMakeFiles/Pill_despenser_project.c.dir/C_/bin/PicoSDKv1.5.0/pico-sdk/src/rp2_common/pico_stdio_uart/stdio_uart.c.obj
 .text.stdio_uart_in_chars
                0x100048ac       0x80 CMakeFiles/Pill_despenser_project.c.dir/C_/bin/PicoSDKv1.5.0/pico-sdk/src/rp2_common/pico_stdio_uart/stdio_uart.c.obj
                0x100048ac                stdio_uart_in_chars
 .text.on_uart_rx
                0x1000492c       0x28 CMakeFiles/Pill_despenser_project.c.dir/C_/bin/PicoSDKv1.5.0/pico-sdk/src/rp2_common/pico_stdio_uart/stdio_uart.c.obj
 .text.stdio_uart_set_chars_available_callback
                0x10004954       0x8c CMakeFiles/Pill_despenser_project.c.dir/C_/bin/PicoSDKv1.5.0/pico-sdk/src/rp2_common/pico_stdio_uart/stdio_uart.c.obj
 .text.stdio_uart_init_full
                0x100049e0       0x44 CMakeFiles/Pill_despenser_project.c.dir/C_/bin/PicoSDKv1.5.0/pico-sdk/src/rp2_common/pico_stdio_uart/stdio_uart.c.obj
                0x100049e0                stdio_uart_init_full
 .text.stdio_uart_init
                0x10004a24       0x28 CMakeFiles/Pill_despenser_project.c.dir/C_/bin/PicoSDKv1.5.0/pico-sdk/src/rp2_common/pico_stdio_uart/stdio_uart.c.obj
                0x10004a24                stdio_uart_init
 .text.strlen   0x10004a4c       0x5c c:/bin/picosdkv1.5.0/gcc-arm-none-eabi/bin/../lib/gcc/arm-none-eabi/10.3.1/../../../../arm-none-eabi/lib/thumb/v6-m/nofp\libg.a(lib_a-strlen-stub.o)
                0x10004a4c                strlen
 *(.fini)
 .fini          0x10004aa8        0x4 c:/bin/picosdkv1.5.0/gcc-arm-none-eabi/bin/../lib/gcc/arm-none-eabi/10.3.1/thumb/v6-m/nofp/crti.o
                0x10004aa8                _fini
 *fill*         0x10004aac        0x4 
 .fini.__stub   0x10004ab0       0x40 linker stubs
 *crtbegin.o(.ctors)
 *crtbegin?.o(.ctors)
 *(EXCLUDE_FILE(*crtend.o *crtend?.o) .ctors)
 *(SORT_BY_NAME(.ctors.*))
 *(.ctors)
 *crtbegin.o(.dtors)
 *crtbegin?.o(.dtors)
 *(EXCLUDE_FILE(*crtend.o *crtend?.o) .dtors)
 *(SORT_BY_NAME(.dtors.*))
 *(.dtors)
 *(.eh_frame*)
 .eh_frame      0x10004af0        0x0 c:/bin/picosdkv1.5.0/gcc-arm-none-eabi/bin/../lib/gcc/arm-none-eabi/10.3.1/thumb/v6-m/nofp/crtbegin.o
                0x10004af0                . = ALIGN (0x4)

.glue_7         0x10004af0        0x0
 .glue_7        0x10004af0        0x0 linker stubs

.glue_7t        0x10004af0        0x0
 .glue_7t       0x10004af0        0x0 linker stubs

.vfp11_veneer   0x10004af0        0x0
 .vfp11_veneer  0x10004af0        0x0 linker stubs

.v4_bx          0x10004af0        0x0
 .v4_bx         0x10004af0        0x0 linker stubs

.iplt           0x10004af0        0x0
 .iplt          0x10004af0        0x0 c:/bin/picosdkv1.5.0/gcc-arm-none-eabi/bin/../lib/gcc/arm-none-eabi/10.3.1/thumb/v6-m/nofp/crtbegin.o

.rodata         0x10004af0     0x10ac
 *(EXCLUDE_FILE(*libm.a: *libc.a:*lib_a-mem*.o *libgcc.a:) .rodata*)
 .rodata.calibration_button_callback.str1.4
                0x10004af0       0x64 CMakeFiles/Pill_despenser_project.c.dir/Final_Version.c.obj
 .rodata.middle_point.str1.4
                0x10004b54       0x11 CMakeFiles/Pill_despenser_project.c.dir/Final_Version.c.obj
 *fill*         0x10004b65        0x3 
 .rodata.till_opto_activation.str1.4
                0x10004b68       0x14 CMakeFiles/Pill_despenser_project.c.dir/Final_Version.c.obj
 .rodata.calibration.str1.4
                0x10004b7c       0x16 CMakeFiles/Pill_despenser_project.c.dir/Final_Version.c.obj
 *fill*         0x10004b92        0x2 
 .rodata.tablet_movement.str1.4
                0x10004b94       0x1f CMakeFiles/Pill_despenser_project.c.dir/Final_Version.c.obj
 *fill*         0x10004bb3        0x1 
 .rodata.tablet_drop.str1.4
                0x10004bb4       0x31 CMakeFiles/Pill_despenser_project.c.dir/Final_Version.c.obj
 *fill*         0x10004be5        0x3 
 .rodata.main.str1.4
                0x10004be8       0x4e CMakeFiles/Pill_despenser_project.c.dir/Final_Version.c.obj
 *fill*         0x10004c36        0x2 
 .rodata        0x10004c38       0x20 CMakeFiles/Pill_despenser_project.c.dir/Final_Version.c.obj
 .rodata.__func__.4
                0x10004c58       0x15 CMakeFiles/Pill_despenser_project.c.dir/Final_Version.c.obj
 *fill*         0x10004c6d        0x3 
 .rodata.make_branch.str1.4
                0x10004c70       0x70 CMakeFiles/Pill_despenser_project.c.dir/C_/bin/PicoSDKv1.5.0/pico-sdk/src/rp2_common/hardware_irq/irq.c.obj
 .rodata.insert_branch_and_link.str1.4
                0x10004ce0       0x10 CMakeFiles/Pill_despenser_project.c.dir/C_/bin/PicoSDKv1.5.0/pico-sdk/src/rp2_common/hardware_irq/irq.c.obj
 .rodata.irq_set_exclusive_handler.str1.4
                0x10004cf0       0x36 CMakeFiles/Pill_despenser_project.c.dir/C_/bin/PicoSDKv1.5.0/pico-sdk/src/rp2_common/hardware_irq/irq.c.obj
 *fill*         0x10004d26        0x2 
 .rodata.irq_add_shared_handler.str1.4
                0x10004d28       0xd9 CMakeFiles/Pill_despenser_project.c.dir/C_/bin/PicoSDKv1.5.0/pico-sdk/src/rp2_common/hardware_irq/irq.c.obj
 *fill*         0x10004e01        0x3 
 .rodata.irq_remove_handler.str1.4
                0x10004e04       0x3a CMakeFiles/Pill_despenser_project.c.dir/C_/bin/PicoSDKv1.5.0/pico-sdk/src/rp2_common/hardware_irq/irq.c.obj
 *fill*         0x10004e3e        0x2 
 .rodata.irq_add_tail_to_free_list.str1.4
                0x10004e40       0x3a CMakeFiles/Pill_despenser_project.c.dir/C_/bin/PicoSDKv1.5.0/pico-sdk/src/rp2_common/hardware_irq/irq.c.obj
 *fill*         0x10004e7a        0x2 
 .rodata.__func__.0
                0x10004e7c       0x1a CMakeFiles/Pill_despenser_project.c.dir/C_/bin/PicoSDKv1.5.0/pico-sdk/src/rp2_common/hardware_irq/irq.c.obj
 *fill*         0x10004e96        0x2 
 .rodata.__func__.1
                0x10004e98       0x17 CMakeFiles/Pill_despenser_project.c.dir/C_/bin/PicoSDKv1.5.0/pico-sdk/src/rp2_common/hardware_irq/irq.c.obj
 *fill*         0x10004eaf        0x1 
 .rodata.__func__.2
                0x10004eb0       0x13 CMakeFiles/Pill_despenser_project.c.dir/C_/bin/PicoSDKv1.5.0/pico-sdk/src/rp2_common/hardware_irq/irq.c.obj
 *fill*         0x10004ec3        0x1 
 .rodata.__func__.3
                0x10004ec4        0xc CMakeFiles/Pill_despenser_project.c.dir/C_/bin/PicoSDKv1.5.0/pico-sdk/src/rp2_common/hardware_irq/irq.c.obj
 .rodata.__func__.4
                0x10004ed0        0xf CMakeFiles/Pill_despenser_project.c.dir/C_/bin/PicoSDKv1.5.0/pico-sdk/src/rp2_common/hardware_irq/irq.c.obj
 *fill*         0x10004edf        0x1 
 .rodata.__func__.5
                0x10004ee0       0x17 CMakeFiles/Pill_despenser_project.c.dir/C_/bin/PicoSDKv1.5.0/pico-sdk/src/rp2_common/hardware_irq/irq.c.obj
 *fill*         0x10004ef7        0x1 
 .rodata.__func__.6
                0x10004ef8       0x1a CMakeFiles/Pill_despenser_project.c.dir/C_/bin/PicoSDKv1.5.0/pico-sdk/src/rp2_common/hardware_irq/irq.c.obj
 *fill*         0x10004f12        0x2 
 .rodata.str1.4
                0x10004f14       0x8d CMakeFiles/Pill_despenser_project.c.dir/C_/bin/PicoSDKv1.5.0/pico-sdk/src/common/pico_sync/mutex.c.obj
                                 0xf1 (size before relaxing)
 *fill*         0x10004fa1        0x3 
 .rodata.__func__.1
                0x10004fa4        0xb CMakeFiles/Pill_despenser_project.c.dir/C_/bin/PicoSDKv1.5.0/pico-sdk/src/common/pico_sync/mutex.c.obj
 *fill*         0x10004faf        0x1 
 .rodata.__func__.3
                0x10004fb0       0x18 CMakeFiles/Pill_despenser_project.c.dir/C_/bin/PicoSDKv1.5.0/pico-sdk/src/common/pico_sync/mutex.c.obj
 .rodata.repeating_timer_callback.str1.4
                0x10004fc8       0x4e CMakeFiles/Pill_despenser_project.c.dir/C_/bin/PicoSDKv1.5.0/pico-sdk/src/common/pico_time/time.c.obj
 *fill*         0x10005016        0x2 
 .rodata.timer_pool_entry_comparator.str1.4
                0x10005018       0x22 CMakeFiles/Pill_despenser_project.c.dir/C_/bin/PicoSDKv1.5.0/pico-sdk/src/common/pico_time/time.c.obj
 *fill*         0x1000503a        0x2 
 .rodata.ph_add_child_node.str1.4
                0x1000503c       0x9a CMakeFiles/Pill_despenser_project.c.dir/C_/bin/PicoSDKv1.5.0/pico-sdk/src/common/pico_time/time.c.obj
 *fill*         0x100050d6        0x2 
 .rodata.add_alarm_under_lock.str1.4
                0x100050d8       0x28 CMakeFiles/Pill_despenser_project.c.dir/C_/bin/PicoSDKv1.5.0/pico-sdk/src/common/pico_time/time.c.obj
                                 0x2b (size before relaxing)
 .rodata.alarm_pool_alarm_callback.str1.4
                0x10005100       0x98 CMakeFiles/Pill_despenser_project.c.dir/C_/bin/PicoSDKv1.5.0/pico-sdk/src/common/pico_time/time.c.obj
                                 0xfc (size before relaxing)
 .rodata.alarm_pool_get_default.str1.4
                0x10005198       0x21 CMakeFiles/Pill_despenser_project.c.dir/C_/bin/PicoSDKv1.5.0/pico-sdk/src/common/pico_time/time.c.obj
 *fill*         0x100051b9        0x3 
 .rodata.alarm_pool_cancel_alarm.str1.4
                0x100051bc       0x27 CMakeFiles/Pill_despenser_project.c.dir/C_/bin/PicoSDKv1.5.0/pico-sdk/src/common/pico_time/time.c.obj
 *fill*         0x100051e3        0x1 
 .rodata.sleep_until.str1.4
                0x100051e4       0x4d CMakeFiles/Pill_despenser_project.c.dir/C_/bin/PicoSDKv1.5.0/pico-sdk/src/common/pico_time/time.c.obj
 *fill*         0x10005231        0x3 
 .rodata.__func__.1
                0x10005234       0x18 CMakeFiles/Pill_despenser_project.c.dir/C_/bin/PicoSDKv1.5.0/pico-sdk/src/common/pico_time/time.c.obj
 .rodata.__func__.10
                0x1000524c       0x15 CMakeFiles/Pill_despenser_project.c.dir/C_/bin/PicoSDKv1.5.0/pico-sdk/src/common/pico_time/time.c.obj
 *fill*         0x10005261        0x3 
 .rodata.__func__.11
                0x10005264       0x1a CMakeFiles/Pill_despenser_project.c.dir/C_/bin/PicoSDKv1.5.0/pico-sdk/src/common/pico_time/time.c.obj
 *fill*         0x1000527e        0x2 
 .rodata.__func__.12
                0x10005280        0xa CMakeFiles/Pill_despenser_project.c.dir/C_/bin/PicoSDKv1.5.0/pico-sdk/src/common/pico_time/time.c.obj
 *fill*         0x1000528a        0x2 
 .rodata.__func__.3
                0x1000528c       0x17 CMakeFiles/Pill_despenser_project.c.dir/C_/bin/PicoSDKv1.5.0/pico-sdk/src/common/pico_time/time.c.obj
 *fill*         0x100052a3        0x1 
 .rodata.__func__.4
                0x100052a4       0x12 CMakeFiles/Pill_despenser_project.c.dir/C_/bin/PicoSDKv1.5.0/pico-sdk/src/common/pico_time/time.c.obj
 *fill*         0x100052b6        0x2 
 .rodata.__func__.5
                0x100052b8        0xd CMakeFiles/Pill_despenser_project.c.dir/C_/bin/PicoSDKv1.5.0/pico-sdk/src/common/pico_time/time.c.obj
 *fill*         0x100052c5        0x3 
 .rodata.__func__.6
                0x100052c8       0x12 CMakeFiles/Pill_despenser_project.c.dir/C_/bin/PicoSDKv1.5.0/pico-sdk/src/common/pico_time/time.c.obj
 *fill*         0x100052da        0x2 
 .rodata.__func__.7
                0x100052dc        0xf CMakeFiles/Pill_despenser_project.c.dir/C_/bin/PicoSDKv1.5.0/pico-sdk/src/common/pico_time/time.c.obj
 *fill*         0x100052eb        0x1 
 .rodata.__func__.8
                0x100052ec        0xc CMakeFiles/Pill_despenser_project.c.dir/C_/bin/PicoSDKv1.5.0/pico-sdk/src/common/pico_time/time.c.obj
 .rodata.__func__.9
                0x100052f8       0x15 CMakeFiles/Pill_despenser_project.c.dir/C_/bin/PicoSDKv1.5.0/pico-sdk/src/common/pico_time/time.c.obj
 *fill*         0x1000530d        0x3 
 .rodata.hardware_alarm_claim.str1.4
                0x10005310       0x22 CMakeFiles/Pill_despenser_project.c.dir/C_/bin/PicoSDKv1.5.0/pico-sdk/src/rp2_common/hardware_timer/timer.c.obj
 *fill*         0x10005332        0x2 
 .rodata.hardware_alarm_set_target.str1.4
                0x10005334       0x68 CMakeFiles/Pill_despenser_project.c.dir/C_/bin/PicoSDKv1.5.0/pico-sdk/src/rp2_common/hardware_timer/timer.c.obj
 .rodata.__func__.0
                0x1000539c       0x1a CMakeFiles/Pill_despenser_project.c.dir/C_/bin/PicoSDKv1.5.0/pico-sdk/src/rp2_common/hardware_timer/timer.c.obj
 .rodata.ph_add_child_node.str1.4
                0x100053b6       0x9a CMakeFiles/Pill_despenser_project.c.dir/C_/bin/PicoSDKv1.5.0/pico-sdk/src/common/pico_util/pheap.c.obj
 *fill*         0x100053b6        0x2 
 .rodata.ph_remove_any_head.str1.4
                0x100053b8       0x90 CMakeFiles/Pill_despenser_project.c.dir/C_/bin/PicoSDKv1.5.0/pico-sdk/src/common/pico_util/pheap.c.obj
                                 0xa4 (size before relaxing)
 .rodata.ph_remove_and_free_node.str1.4
                0x10005448       0x1e CMakeFiles/Pill_despenser_project.c.dir/C_/bin/PicoSDKv1.5.0/pico-sdk/src/common/pico_util/pheap.c.obj
                                 0x26 (size before relaxing)
 *fill*         0x10005466        0x2 
 .rodata.__func__.0
                0x10005468       0x18 CMakeFiles/Pill_despenser_project.c.dir/C_/bin/PicoSDKv1.5.0/pico-sdk/src/common/pico_util/pheap.c.obj
 .rodata.__func__.1
                0x10005480       0x13 CMakeFiles/Pill_despenser_project.c.dir/C_/bin/PicoSDKv1.5.0/pico-sdk/src/common/pico_util/pheap.c.obj
 *fill*         0x10005493        0x1 
 .rodata.__func__.2
                0x10005494       0x12 CMakeFiles/Pill_despenser_project.c.dir/C_/bin/PicoSDKv1.5.0/pico-sdk/src/common/pico_util/pheap.c.obj
 *fill*         0x100054a6        0x2 
 .rodata.__func__.3
                0x100054a8        0xc CMakeFiles/Pill_despenser_project.c.dir/C_/bin/PicoSDKv1.5.0/pico-sdk/src/common/pico_util/pheap.c.obj
 .rodata.clock_configure.str1.4
                0x100054b4       0x5a CMakeFiles/Pill_despenser_project.c.dir/C_/bin/PicoSDKv1.5.0/pico-sdk/src/rp2_common/hardware_clocks/clocks.c.obj
 *fill*         0x1000550e        0x2 
 .rodata.__func__.1
                0x10005510       0x10 CMakeFiles/Pill_despenser_project.c.dir/C_/bin/PicoSDKv1.5.0/pico-sdk/src/rp2_common/hardware_clocks/clocks.c.obj
 .rodata.pll_init.str1.4
                0x10005520      0x123 CMakeFiles/Pill_despenser_project.c.dir/C_/bin/PicoSDKv1.5.0/pico-sdk/src/rp2_common/hardware_pll/pll.c.obj
 *fill*         0x10005643        0x1 
 .rodata.__func__.0
                0x10005644        0x9 CMakeFiles/Pill_despenser_project.c.dir/C_/bin/PicoSDKv1.5.0/pico-sdk/src/rp2_common/hardware_pll/pll.c.obj
 *fill*         0x1000564d        0x3 
 .rodata.__assert_func.str1.4
                0x10005650       0x3f CMakeFiles/Pill_despenser_project.c.dir/C_/bin/PicoSDKv1.5.0/pico-sdk/src/rp2_common/pico_runtime/runtime.c.obj
                                 0x43 (size before relaxing)
 *fill*         0x1000568f        0x1 
 .rodata.runtime_init.str1.4
                0x10005690       0x64 CMakeFiles/Pill_despenser_project.c.dir/C_/bin/PicoSDKv1.5.0/pico-sdk/src/rp2_common/pico_runtime/runtime.c.obj
 .rodata.panic.str1.4
                0x100056f4       0x12 CMakeFiles/Pill_despenser_project.c.dir/C_/bin/PicoSDKv1.5.0/pico-sdk/src/rp2_common/pico_runtime/runtime.c.obj
 *fill*         0x10005706        0x2 
 .rodata.__func__.2
                0x10005708        0xd CMakeFiles/Pill_despenser_project.c.dir/C_/bin/PicoSDKv1.5.0/pico-sdk/src/rp2_common/pico_runtime/runtime.c.obj
 *fill*         0x10005715        0x3 
 .rodata._ftoa.str1.4
                0x10005718       0x15 CMakeFiles/Pill_despenser_project.c.dir/C_/bin/PicoSDKv1.5.0/pico-sdk/src/rp2_common/pico_printf/printf.c.obj
 *fill*         0x1000572d        0x3 
 .rodata._vsnprintf
                0x10005730      0x1e0 CMakeFiles/Pill_despenser_project.c.dir/C_/bin/PicoSDKv1.5.0/pico-sdk/src/rp2_common/pico_printf/printf.c.obj
 .rodata.pow10.0
                0x10005910       0x50 CMakeFiles/Pill_despenser_project.c.dir/C_/bin/PicoSDKv1.5.0/pico-sdk/src/rp2_common/pico_printf/printf.c.obj
 .rodata.missing_double_func_shim.str1.4
                0x10005960       0x18 CMakeFiles/Pill_despenser_project.c.dir/C_/bin/PicoSDKv1.5.0/pico-sdk/src/rp2_common/pico_double/double_init_rom.c.obj
 .rodata.__aeabi_double_init.str1.4
                0x10005978       0xab CMakeFiles/Pill_despenser_project.c.dir/C_/bin/PicoSDKv1.5.0/pico-sdk/src/rp2_common/pico_double/double_init_rom.c.obj
 *fill*         0x10005a23        0x1 
 .rodata.__func__.0
                0x10005a24       0x14 CMakeFiles/Pill_despenser_project.c.dir/C_/bin/PicoSDKv1.5.0/pico-sdk/src/rp2_common/pico_double/double_init_rom.c.obj
 .rodata.missing_float_func_shim.str1.4
                0x10005a38        0x1 CMakeFiles/Pill_despenser_project.c.dir/C_/bin/PicoSDKv1.5.0/pico-sdk/src/rp2_common/pico_float/float_init_rom.c.obj
 .rodata.__aeabi_float_init.str1.4
                0x10005a38       0x7d CMakeFiles/Pill_despenser_project.c.dir/C_/bin/PicoSDKv1.5.0/pico-sdk/src/rp2_common/pico_float/float_init_rom.c.obj
 *fill*         0x10005ab5        0x3 
 .rodata.__func__.0
                0x10005ab8       0x13 CMakeFiles/Pill_despenser_project.c.dir/C_/bin/PicoSDKv1.5.0/pico-sdk/src/rp2_common/pico_float/float_init_rom.c.obj
 *fill*         0x10005acb        0x1 
 .rodata.str1.4
                0x10005acc       0x50 CMakeFiles/Pill_despenser_project.c.dir/C_/bin/PicoSDKv1.5.0/pico-sdk/src/rp2_common/pico_standard_link/binary_info.c.obj
 .rodata.__bi_44
                0x10005b1c        0xc CMakeFiles/Pill_despenser_project.c.dir/C_/bin/PicoSDKv1.5.0/pico-sdk/src/rp2_common/pico_standard_link/binary_info.c.obj
 .rodata.__bi_75
                0x10005b28        0xc CMakeFiles/Pill_despenser_project.c.dir/C_/bin/PicoSDKv1.5.0/pico-sdk/src/rp2_common/pico_standard_link/binary_info.c.obj
 .rodata.__bi_81
                0x10005b34        0xc CMakeFiles/Pill_despenser_project.c.dir/C_/bin/PicoSDKv1.5.0/pico-sdk/src/rp2_common/pico_standard_link/binary_info.c.obj
 .rodata.stdout_serialize_begin.str1.4
                0x10005b40       0x64 CMakeFiles/Pill_despenser_project.c.dir/C_/bin/PicoSDKv1.5.0/pico-sdk/src/rp2_common/pico_stdio/stdio.c.obj
 .rodata.__func__.3
                0x10005b40       0x15 CMakeFiles/Pill_despenser_project.c.dir/C_/bin/PicoSDKv1.5.0/pico-sdk/src/rp2_common/pico_stdio/stdio.c.obj
 *fill*         0x10005b55        0x3 
 .rodata.crlf_str.2
                0x10005b58        0x2 CMakeFiles/Pill_despenser_project.c.dir/C_/bin/PicoSDKv1.5.0/pico-sdk/src/rp2_common/pico_stdio/stdio.c.obj
 *fill*         0x10005b5a        0x2 
 .rodata.str1.4
                0x10005b5c       0x2c CMakeFiles/Pill_despenser_project.c.dir/C_/bin/PicoSDKv1.5.0/pico-sdk/src/rp2_common/pico_stdio_uart/stdio_uart.c.obj
 .rodata.__bi_33.4
                0x10005b88        0xc CMakeFiles/Pill_despenser_project.c.dir/C_/bin/PicoSDKv1.5.0/pico-sdk/src/rp2_common/pico_stdio_uart/stdio_uart.c.obj
 .rodata.__bi_34.5
                0x10005b94        0x8 CMakeFiles/Pill_despenser_project.c.dir/C_/bin/PicoSDKv1.5.0/pico-sdk/src/rp2_common/pico_stdio_uart/stdio_uart.c.obj
                0x10005b9c                . = ALIGN (0x4)
 *(SORT_BY_ALIGNMENT(SORT_BY_NAME(.flashdata*)))
                0x10005b9c                . = ALIGN (0x4)

.rel.dyn        0x10005b9c        0x0
 .rel.iplt      0x10005b9c        0x0 c:/bin/picosdkv1.5.0/gcc-arm-none-eabi/bin/../lib/gcc/arm-none-eabi/10.3.1/thumb/v6-m/nofp/crtbegin.o

.ARM.extab
 *(.ARM.extab* .gnu.linkonce.armextab.*)
                0x10005b9c                __exidx_start = .

.ARM.exidx
 *(.ARM.exidx* .gnu.linkonce.armexidx.*)
                0x10005b9c                __exidx_end = .
                0x10005b9c                . = ALIGN (0x4)
                0x10005b9c                __binary_info_start = .

.binary_info    0x10005b9c       0x24
 *(.binary_info.keep.*)
 .binary_info.keep.__bi_ptr22
                0x10005b9c        0x4 CMakeFiles/Pill_despenser_project.c.dir/C_/bin/PicoSDKv1.5.0/pico-sdk/src/rp2_common/pico_standard_link/binary_info.c.obj
 .binary_info.keep.__bi_ptr30
                0x10005ba0        0x4 CMakeFiles/Pill_despenser_project.c.dir/C_/bin/PicoSDKv1.5.0/pico-sdk/src/rp2_common/pico_standard_link/binary_info.c.obj
 .binary_info.keep.__bi_ptr38
                0x10005ba4        0x4 CMakeFiles/Pill_despenser_project.c.dir/C_/bin/PicoSDKv1.5.0/pico-sdk/src/rp2_common/pico_standard_link/binary_info.c.obj
 .binary_info.keep.__bi_ptr44
                0x10005ba8        0x4 CMakeFiles/Pill_despenser_project.c.dir/C_/bin/PicoSDKv1.5.0/pico-sdk/src/rp2_common/pico_standard_link/binary_info.c.obj
 .binary_info.keep.__bi_ptr50
                0x10005bac        0x4 CMakeFiles/Pill_despenser_project.c.dir/C_/bin/PicoSDKv1.5.0/pico-sdk/src/rp2_common/pico_standard_link/binary_info.c.obj
 .binary_info.keep.__bi_ptr75
                0x10005bb0        0x4 CMakeFiles/Pill_despenser_project.c.dir/C_/bin/PicoSDKv1.5.0/pico-sdk/src/rp2_common/pico_standard_link/binary_info.c.obj
 .binary_info.keep.__bi_ptr81
                0x10005bb4        0x4 CMakeFiles/Pill_despenser_project.c.dir/C_/bin/PicoSDKv1.5.0/pico-sdk/src/rp2_common/pico_standard_link/binary_info.c.obj
 *(.binary_info.*)
 .binary_info.__bi_ptr33
                0x10005bb8        0x4 CMakeFiles/Pill_despenser_project.c.dir/C_/bin/PicoSDKv1.5.0/pico-sdk/src/rp2_common/pico_stdio_uart/stdio_uart.c.obj
 .binary_info.__bi_ptr34
                0x10005bbc        0x4 CMakeFiles/Pill_despenser_project.c.dir/C_/bin/PicoSDKv1.5.0/pico-sdk/src/rp2_common/pico_stdio_uart/stdio_uart.c.obj
                0x10005bc0                __binary_info_end = .
                0x10005bc0                . = ALIGN (0x4)
                0x10005bc0                __etext = .

.ram_vector_table
                0x20000000       0xc0
 *(.ram_vector_table)
 .ram_vector_table
                0x20000000       0xc0 CMakeFiles/Pill_despenser_project.c.dir/C_/bin/PicoSDKv1.5.0/pico-sdk/src/rp2_common/pico_runtime/runtime.c.obj
                0x20000000                ram_vector_table

.data           0x200000c0      0x244 load address 0x10005bc0
                0x200000c0                __data_start__ = .
 *(vtable)
 *(.time_critical*)
 .time_critical.mutex_try_enter
                0x200000c0       0x46 CMakeFiles/Pill_despenser_project.c.dir/C_/bin/PicoSDKv1.5.0/pico-sdk/src/common/pico_sync/mutex.c.obj
                0x200000c0                mutex_try_enter
 *fill*         0x20000106        0x2 
 .time_critical.mutex_enter_block_until
                0x20000108       0x8c CMakeFiles/Pill_despenser_project.c.dir/C_/bin/PicoSDKv1.5.0/pico-sdk/src/common/pico_sync/mutex.c.obj
                0x20000108                mutex_enter_block_until
 .time_critical.mutex_try_enter_block_until
                0x20000194       0x34 CMakeFiles/Pill_despenser_project.c.dir/C_/bin/PicoSDKv1.5.0/pico-sdk/src/common/pico_sync/mutex.c.obj
                0x20000194                mutex_try_enter_block_until
 .time_critical.mutex_exit
                0x200001c8       0x4c CMakeFiles/Pill_despenser_project.c.dir/C_/bin/PicoSDKv1.5.0/pico-sdk/src/common/pico_sync/mutex.c.obj
                0x200001c8                mutex_exit
 *(.text*)
 .text          0x20000214        0x4 c:/bin/picosdkv1.5.0/gcc-arm-none-eabi/bin/../lib/gcc/arm-none-eabi/10.3.1/thumb/v6-m/nofp\libgcc.a(_dvmd_tls.o)
                0x20000214                __aeabi_idiv0
                0x20000214                __aeabi_ldiv0
 .text.__stub   0x20000218       0x20 linker stubs
                0x20000238                . = ALIGN (0x4)
 *(.rodata*)
                0x20000238                . = ALIGN (0x4)
 *(.data*)
 .data.striped_spin_lock_num
                0x20000238        0x1 CMakeFiles/Pill_despenser_project.c.dir/C_/bin/PicoSDKv1.5.0/pico-sdk/src/rp2_common/hardware_sync/sync.c.obj
 *fill*         0x20000239        0x3 
 .data          0x2000023c       0x48 CMakeFiles/Pill_despenser_project.c.dir/C_/bin/PicoSDKv1.5.0/pico-sdk/src/rp2_common/hardware_irq/irq_handler_chain.S.obj
                0x2000023c                irq_handler_chain_slots
                0x2000026c                irq_handler_chain_first_slot
                0x20000276                irq_handler_chain_remove_tail
 .data.default_alarm_pool
                0x20000284       0x18 CMakeFiles/Pill_despenser_project.c.dir/C_/bin/PicoSDKv1.5.0/pico-sdk/src/common/pico_time/time.c.obj
 .data.default_alarm_pool_heap
                0x2000029c       0x10 CMakeFiles/Pill_despenser_project.c.dir/C_/bin/PicoSDKv1.5.0/pico-sdk/src/common/pico_time/time.c.obj
 *fill*         0x200002ac        0x4 
 .data.aeabi_bits_funcs
                0x200002b0       0x10 CMakeFiles/Pill_despenser_project.c.dir/C_/bin/PicoSDKv1.5.0/pico-sdk/src/rp2_common/pico_bit_ops/bit_ops_aeabi.S.obj
                0x200002b0                aeabi_bits_funcs
                0x200002c0                aeabi_bits_funcs_end
 .data.aeabi_mem_funcs
                0x200002c0       0x10 CMakeFiles/Pill_despenser_project.c.dir/C_/bin/PicoSDKv1.5.0/pico-sdk/src/rp2_common/pico_mem_ops/mem_ops_aeabi.S.obj
                0x200002c0                aeabi_mem_funcs
                0x200002d0                aeabi_mem_funcs_end
 .data.stdio_uart
                0x200002d0       0x18 CMakeFiles/Pill_despenser_project.c.dir/C_/bin/PicoSDKv1.5.0/pico-sdk/src/rp2_common/pico_stdio_uart/stdio_uart.c.obj
                0x200002d0                stdio_uart
                0x200002e8                . = ALIGN (0x4)
 *(.after_data.*)
                0x200002e8                . = ALIGN (0x4)
                0x200002e8                PROVIDE (__mutex_array_start = .)
 *(SORT_BY_NAME(.mutex_array.*))
 *(.mutex_array)
 .mutex_array   0x200002e8        0x8 CMakeFiles/Pill_despenser_project.c.dir/C_/bin/PicoSDKv1.5.0/pico-sdk/src/rp2_common/pico_stdio/stdio.c.obj
                0x200002f0                PROVIDE (__mutex_array_end = .)
                0x200002f0                . = ALIGN (0x4)
                0x200002f0                PROVIDE (__preinit_array_start = .)
 *(SORT_BY_NAME(.preinit_array.*))
 .preinit_array.00001
                0x200002f0        0x4 CMakeFiles/Pill_despenser_project.c.dir/C_/bin/PicoSDKv1.5.0/pico-sdk/src/rp2_common/pico_mem_ops/mem_ops_aeabi.S.obj
 .preinit_array.00010
                0x200002f4        0x4 CMakeFiles/Pill_despenser_project.c.dir/C_/bin/PicoSDKv1.5.0/pico-sdk/src/rp2_common/pico_bit_ops/bit_ops_aeabi.S.obj
 .preinit_array.00020
                0x200002f8        0x4 CMakeFiles/Pill_despenser_project.c.dir/C_/bin/PicoSDKv1.5.0/pico-sdk/src/rp2_common/pico_double/double_aeabi.S.obj
 .preinit_array.00020
                0x200002fc        0x4 CMakeFiles/Pill_despenser_project.c.dir/C_/bin/PicoSDKv1.5.0/pico-sdk/src/rp2_common/pico_float/float_aeabi.S.obj
 *(.preinit_array)
                0x20000300                PROVIDE (__preinit_array_end = .)
                0x20000300                . = ALIGN (0x4)
                0x20000300                PROVIDE (__init_array_start = .)
 *(SORT_BY_NAME(.init_array.*))
 *(.init_array)
 .init_array    0x20000300        0x4 c:/bin/picosdkv1.5.0/gcc-arm-none-eabi/bin/../lib/gcc/arm-none-eabi/10.3.1/thumb/v6-m/nofp/crtbegin.o
                0x20000304                PROVIDE (__init_array_end = .)
                0x20000304                . = ALIGN (0x4)
                [!provide]                PROVIDE (__fini_array_start = .)
 *(SORT_BY_NAME(.fini_array.*))
 *(.fini_array)
                [!provide]                PROVIDE (__fini_array_end = .)
 *(.jcr)
                0x20000304                . = ALIGN (0x4)
                0x20000304                __data_end__ = .

.igot.plt       0x20000304        0x0 load address 0x10005e04
 .igot.plt      0x20000304        0x0 c:/bin/picosdkv1.5.0/gcc-arm-none-eabi/bin/../lib/gcc/arm-none-eabi/10.3.1/thumb/v6-m/nofp/crtbegin.o

.uninitialized_data
                0x20000304        0x0 load address 0x10005e04
                0x20000304                . = ALIGN (0x4)
 *(.uninitialized_data*)

.scratch_x      0x20040000        0x0 load address 0x10005e04
                0x20040000                __scratch_x_start__ = .
 *(.scratch_x.*)
                0x20040000                . = ALIGN (0x4)
                0x20040000                __scratch_x_end__ = .
                0x10005e04                __scratch_x_source__ = LOADADDR (.scratch_x)

.scratch_y      0x20041000        0x0 load address 0x10005e04
                0x20041000                __scratch_y_start__ = .
 *(.scratch_y.*)
                0x20041000                . = ALIGN (0x4)
                0x20041000                __scratch_y_end__ = .
                0x10005e04                __scratch_y_source__ = LOADADDR (.scratch_y)

.bss            0x20000308      0x400
                0x20000308                . = ALIGN (0x4)
                0x20000308                __bss_start__ = .
 *(SORT_BY_ALIGNMENT(SORT_BY_NAME(.bss*)))
 .bss.default_alarm_pool_entries
                0x20000308      0x100 CMakeFiles/Pill_despenser_project.c.dir/C_/bin/PicoSDKv1.5.0/pico-sdk/src/common/pico_time/time.c.obj
 .bss           0x20000408       0x1c c:/bin/picosdkv1.5.0/gcc-arm-none-eabi/bin/../lib/gcc/arm-none-eabi/10.3.1/thumb/v6-m/nofp/crtbegin.o
 .bss.alarm_callbacks
                0x20000424       0x10 CMakeFiles/Pill_despenser_project.c.dir/C_/bin/PicoSDKv1.5.0/pico-sdk/src/rp2_common/hardware_timer/timer.c.obj
 .bss.callbacks
                0x20000434        0x8 CMakeFiles/Pill_despenser_project.c.dir/C_/bin/PicoSDKv1.5.0/pico-sdk/src/rp2_common/hardware_gpio/gpio.c.obj
 .bss.chars_available_callback
                0x2000043c        0x4 CMakeFiles/Pill_despenser_project.c.dir/C_/bin/PicoSDKv1.5.0/pico-sdk/src/rp2_common/pico_stdio_uart/stdio_uart.c.obj
 .bss.chars_available_param
                0x20000440        0x4 CMakeFiles/Pill_despenser_project.c.dir/C_/bin/PicoSDKv1.5.0/pico-sdk/src/rp2_common/pico_stdio_uart/stdio_uart.c.obj
 .bss.configured_freq
                0x20000444       0x28 CMakeFiles/Pill_despenser_project.c.dir/C_/bin/PicoSDKv1.5.0/pico-sdk/src/rp2_common/hardware_clocks/clocks.c.obj
 .bss.current_step_index.0
                0x2000046c        0x4 CMakeFiles/Pill_despenser_project.c.dir/Final_Version.c.obj
 .bss.current_step_index.1
                0x20000470        0x4 CMakeFiles/Pill_despenser_project.c.dir/Final_Version.c.obj
 .bss.current_step_index.2
                0x20000474        0x4 CMakeFiles/Pill_despenser_project.c.dir/Final_Version.c.obj
 .bss.current_step_index.3
                0x20000478        0x4 CMakeFiles/Pill_despenser_project.c.dir/Final_Version.c.obj
 .bss.default_alarm_pool_entry_ids_high
                0x2000047c       0x10 CMakeFiles/Pill_despenser_project.c.dir/C_/bin/PicoSDKv1.5.0/pico-sdk/src/common/pico_time/time.c.obj
 .bss.default_alarm_pool_heap_nodes
                0x2000048c       0x30 CMakeFiles/Pill_despenser_project.c.dir/C_/bin/PicoSDKv1.5.0/pico-sdk/src/common/pico_time/time.c.obj
 .bss.drivers   0x200004bc        0x4 CMakeFiles/Pill_despenser_project.c.dir/C_/bin/PicoSDKv1.5.0/pico-sdk/src/rp2_common/pico_stdio/stdio.c.obj
 .bss.filter    0x200004c0        0x4 CMakeFiles/Pill_despenser_project.c.dir/C_/bin/PicoSDKv1.5.0/pico-sdk/src/rp2_common/pico_stdio/stdio.c.obj
 .bss.last_calib_interrupt_time
                0x200004c4        0x4 CMakeFiles/Pill_despenser_project.c.dir/Final_Version.c.obj
                0x200004c4                last_calib_interrupt_time
 .bss.pools     0x200004c8       0x10 CMakeFiles/Pill_despenser_project.c.dir/C_/bin/PicoSDKv1.5.0/pico-sdk/src/common/pico_time/time.c.obj
 .bss.raw_irq_mask
                0x200004d8        0x8 CMakeFiles/Pill_despenser_project.c.dir/C_/bin/PicoSDKv1.5.0/pico-sdk/src/rp2_common/hardware_gpio/gpio.c.obj
 .bss.sd_table  0x200004e0      0x100 CMakeFiles/Pill_despenser_project.c.dir/C_/bin/PicoSDKv1.5.0/pico-sdk/src/rp2_common/pico_double/double_init_rom.c.obj
                0x200004e0                sd_table
 .bss.sf_clz_func
                0x200005e0        0x4 CMakeFiles/Pill_despenser_project.c.dir/C_/bin/PicoSDKv1.5.0/pico-sdk/src/rp2_common/pico_double/double_init_rom.c.obj
                0x200005e0                sf_clz_func
 .bss.sf_table  0x200005e4      0x100 CMakeFiles/Pill_despenser_project.c.dir/C_/bin/PicoSDKv1.5.0/pico-sdk/src/rp2_common/pico_float/float_init_rom.c.obj
                0x200005e4                sf_table
 .bss.sleep_notifier
                0x200006e4        0x4 CMakeFiles/Pill_despenser_project.c.dir/C_/bin/PicoSDKv1.5.0/pico-sdk/src/common/pico_time/time.c.obj
 .bss.target_hi
                0x200006e8       0x10 CMakeFiles/Pill_despenser_project.c.dir/C_/bin/PicoSDKv1.5.0/pico-sdk/src/rp2_common/hardware_timer/timer.c.obj
 .bss.uart_char_to_line_feed
                0x200006f8        0x4 CMakeFiles/Pill_despenser_project.c.dir/C_/bin/PicoSDKv1.5.0/pico-sdk/src/rp2_common/hardware_uart/uart.c.obj
                0x200006f8                uart_char_to_line_feed
 .bss.uart_instance
                0x200006fc        0x4 CMakeFiles/Pill_despenser_project.c.dir/C_/bin/PicoSDKv1.5.0/pico-sdk/src/rp2_common/pico_stdio_uart/stdio_uart.c.obj
 .bss.calib_button_pressed
                0x20000700        0x1 CMakeFiles/Pill_despenser_project.c.dir/Final_Version.c.obj
                0x20000700                calib_button_pressed
 .bss.claimed   0x20000701        0x1 CMakeFiles/Pill_despenser_project.c.dir/C_/bin/PicoSDKv1.5.0/pico-sdk/src/rp2_common/hardware_timer/timer.c.obj
 .bss.irq_hander_chain_free_slot_head
                0x20000702        0x1 CMakeFiles/Pill_despenser_project.c.dir/C_/bin/PicoSDKv1.5.0/pico-sdk/src/rp2_common/hardware_irq/irq.c.obj
 .bss.piezo_triggered
                0x20000703        0x1 CMakeFiles/Pill_despenser_project.c.dir/Final_Version.c.obj
                0x20000703                piezo_triggered
 .bss.timer_callbacks_pending
                0x20000704        0x1 CMakeFiles/Pill_despenser_project.c.dir/C_/bin/PicoSDKv1.5.0/pico-sdk/src/rp2_common/hardware_timer/timer.c.obj
 *(COMMON)
                0x20000708                . = ALIGN (0x4)
 *fill*         0x20000705        0x3 
                0x20000708                __bss_end__ = .

.heap           0x20000708      0x800
                0x20000708                __end__ = .
                0x20000708                end = __end__
 *(.heap*)
 .heap          0x20000708      0x800 CMakeFiles/Pill_despenser_project.c.dir/C_/bin/PicoSDKv1.5.0/pico-sdk/src/rp2_common/pico_standard_link/crt0.S.obj
                0x20000f08                __HeapLimit = .

.stack1_dummy   0x20040000        0x0
 *(.stack1*)

.stack_dummy    0x20041000      0x800
 *(.stack*)
 .stack         0x20041000      0x800 CMakeFiles/Pill_despenser_project.c.dir/C_/bin/PicoSDKv1.5.0/pico-sdk/src/rp2_common/pico_standard_link/crt0.S.obj

.flash_end      0x10005e04        0x0
                0x10005e04                __flash_binary_end = .
                0x20040000                __StackLimit = (ORIGIN (RAM) + LENGTH (RAM))
                0x20041000                __StackOneTop = (ORIGIN (SCRATCH_X) + LENGTH (SCRATCH_X))
                0x20042000                __StackTop = (ORIGIN (SCRATCH_Y) + LENGTH (SCRATCH_Y))
                0x20041000                __StackOneBottom = (__StackOneTop - SIZEOF (.stack1_dummy))
                0x20041800                __StackBottom = (__StackTop - SIZEOF (.stack_dummy))
                0x20042000                PROVIDE (__stack = __StackTop)
                0x00000001                ASSERT ((__StackLimit >= __HeapLimit), region RAM overflowed)
                0x00000001                ASSERT (((__binary_info_header_end - __logical_binary_start) <= 0x100), Binary info must be in first 256 bytes of the binary)
LOAD CMakeFiles/Pill_despenser_project.c.dir/Final_Version.c.obj
LOAD CMakeFiles/Pill_despenser_project.c.dir/C_/bin/PicoSDKv1.5.0/pico-sdk/src/rp2_common/pico_stdlib/stdlib.c.obj
LOAD CMakeFiles/Pill_despenser_project.c.dir/C_/bin/PicoSDKv1.5.0/pico-sdk/src/rp2_common/hardware_gpio/gpio.c.obj
LOAD CMakeFiles/Pill_despenser_project.c.dir/C_/bin/PicoSDKv1.5.0/pico-sdk/src/rp2_common/pico_platform/platform.c.obj
LOAD CMakeFiles/Pill_despenser_project.c.dir/C_/bin/PicoSDKv1.5.0/pico-sdk/src/rp2_common/hardware_claim/claim.c.obj
LOAD CMakeFiles/Pill_despenser_project.c.dir/C_/bin/PicoSDKv1.5.0/pico-sdk/src/rp2_common/hardware_sync/sync.c.obj
LOAD CMakeFiles/Pill_despenser_project.c.dir/C_/bin/PicoSDKv1.5.0/pico-sdk/src/rp2_common/hardware_irq/irq.c.obj
LOAD CMakeFiles/Pill_despenser_project.c.dir/C_/bin/PicoSDKv1.5.0/pico-sdk/src/rp2_common/hardware_irq/irq_handler_chain.S.obj
LOAD CMakeFiles/Pill_despenser_project.c.dir/C_/bin/PicoSDKv1.5.0/pico-sdk/src/common/pico_sync/sem.c.obj
LOAD CMakeFiles/Pill_despenser_project.c.dir/C_/bin/PicoSDKv1.5.0/pico-sdk/src/common/pico_sync/lock_core.c.obj
LOAD CMakeFiles/Pill_despenser_project.c.dir/C_/bin/PicoSDKv1.5.0/pico-sdk/src/common/pico_sync/mutex.c.obj
LOAD CMakeFiles/Pill_despenser_project.c.dir/C_/bin/PicoSDKv1.5.0/pico-sdk/src/common/pico_sync/critical_section.c.obj
LOAD CMakeFiles/Pill_despenser_project.c.dir/C_/bin/PicoSDKv1.5.0/pico-sdk/src/common/pico_time/time.c.obj
LOAD CMakeFiles/Pill_despenser_project.c.dir/C_/bin/PicoSDKv1.5.0/pico-sdk/src/common/pico_time/timeout_helper.c.obj
LOAD CMakeFiles/Pill_despenser_project.c.dir/C_/bin/PicoSDKv1.5.0/pico-sdk/src/rp2_common/hardware_timer/timer.c.obj
LOAD CMakeFiles/Pill_despenser_project.c.dir/C_/bin/PicoSDKv1.5.0/pico-sdk/src/common/pico_util/datetime.c.obj
LOAD CMakeFiles/Pill_despenser_project.c.dir/C_/bin/PicoSDKv1.5.0/pico-sdk/src/common/pico_util/pheap.c.obj
LOAD CMakeFiles/Pill_despenser_project.c.dir/C_/bin/PicoSDKv1.5.0/pico-sdk/src/common/pico_util/queue.c.obj
LOAD CMakeFiles/Pill_despenser_project.c.dir/C_/bin/PicoSDKv1.5.0/pico-sdk/src/rp2_common/hardware_uart/uart.c.obj
LOAD CMakeFiles/Pill_despenser_project.c.dir/C_/bin/PicoSDKv1.5.0/pico-sdk/src/rp2_common/hardware_clocks/clocks.c.obj
LOAD CMakeFiles/Pill_despenser_project.c.dir/C_/bin/PicoSDKv1.5.0/pico-sdk/src/rp2_common/hardware_pll/pll.c.obj
LOAD CMakeFiles/Pill_despenser_project.c.dir/C_/bin/PicoSDKv1.5.0/pico-sdk/src/rp2_common/hardware_vreg/vreg.c.obj
LOAD CMakeFiles/Pill_despenser_project.c.dir/C_/bin/PicoSDKv1.5.0/pico-sdk/src/rp2_common/hardware_watchdog/watchdog.c.obj
LOAD CMakeFiles/Pill_despenser_project.c.dir/C_/bin/PicoSDKv1.5.0/pico-sdk/src/rp2_common/hardware_xosc/xosc.c.obj
LOAD CMakeFiles/Pill_despenser_project.c.dir/C_/bin/PicoSDKv1.5.0/pico-sdk/src/rp2_common/hardware_divider/divider.S.obj
LOAD CMakeFiles/Pill_despenser_project.c.dir/C_/bin/PicoSDKv1.5.0/pico-sdk/src/rp2_common/pico_runtime/runtime.c.obj
LOAD CMakeFiles/Pill_despenser_project.c.dir/C_/bin/PicoSDKv1.5.0/pico-sdk/src/rp2_common/pico_printf/printf.c.obj
LOAD CMakeFiles/Pill_despenser_project.c.dir/C_/bin/PicoSDKv1.5.0/pico-sdk/src/rp2_common/pico_bit_ops/bit_ops_aeabi.S.obj
LOAD CMakeFiles/Pill_despenser_project.c.dir/C_/bin/PicoSDKv1.5.0/pico-sdk/src/rp2_common/pico_bootrom/bootrom.c.obj
LOAD CMakeFiles/Pill_despenser_project.c.dir/C_/bin/PicoSDKv1.5.0/pico-sdk/src/rp2_common/pico_divider/divider.S.obj
LOAD CMakeFiles/Pill_despenser_project.c.dir/C_/bin/PicoSDKv1.5.0/pico-sdk/src/rp2_common/pico_double/double_aeabi.S.obj
LOAD CMakeFiles/Pill_despenser_project.c.dir/C_/bin/PicoSDKv1.5.0/pico-sdk/src/rp2_common/pico_double/double_init_rom.c.obj
LOAD CMakeFiles/Pill_despenser_project.c.dir/C_/bin/PicoSDKv1.5.0/pico-sdk/src/rp2_common/pico_double/double_math.c.obj
LOAD CMakeFiles/Pill_despenser_project.c.dir/C_/bin/PicoSDKv1.5.0/pico-sdk/src/rp2_common/pico_double/double_v1_rom_shim.S.obj
LOAD CMakeFiles/Pill_despenser_project.c.dir/C_/bin/PicoSDKv1.5.0/pico-sdk/src/rp2_common/pico_int64_ops/pico_int64_ops_aeabi.S.obj
LOAD CMakeFiles/Pill_despenser_project.c.dir/C_/bin/PicoSDKv1.5.0/pico-sdk/src/rp2_common/pico_float/float_aeabi.S.obj
LOAD CMakeFiles/Pill_despenser_project.c.dir/C_/bin/PicoSDKv1.5.0/pico-sdk/src/rp2_common/pico_float/float_init_rom.c.obj
LOAD CMakeFiles/Pill_despenser_project.c.dir/C_/bin/PicoSDKv1.5.0/pico-sdk/src/rp2_common/pico_float/float_math.c.obj
LOAD CMakeFiles/Pill_despenser_project.c.dir/C_/bin/PicoSDKv1.5.0/pico-sdk/src/rp2_common/pico_float/float_v1_rom_shim.S.obj
LOAD CMakeFiles/Pill_despenser_project.c.dir/C_/bin/PicoSDKv1.5.0/pico-sdk/src/rp2_common/pico_malloc/pico_malloc.c.obj
LOAD CMakeFiles/Pill_despenser_project.c.dir/C_/bin/PicoSDKv1.5.0/pico-sdk/src/rp2_common/pico_mem_ops/mem_ops_aeabi.S.obj
LOAD CMakeFiles/Pill_despenser_project.c.dir/C_/bin/PicoSDKv1.5.0/pico-sdk/src/rp2_common/pico_standard_link/crt0.S.obj
LOAD CMakeFiles/Pill_despenser_project.c.dir/C_/bin/PicoSDKv1.5.0/pico-sdk/src/rp2_common/pico_standard_link/new_delete.cpp.obj
LOAD CMakeFiles/Pill_despenser_project.c.dir/C_/bin/PicoSDKv1.5.0/pico-sdk/src/rp2_common/pico_standard_link/binary_info.c.obj
LOAD CMakeFiles/Pill_despenser_project.c.dir/C_/bin/PicoSDKv1.5.0/pico-sdk/src/rp2_common/pico_stdio/stdio.c.obj
LOAD CMakeFiles/Pill_despenser_project.c.dir/C_/bin/PicoSDKv1.5.0/pico-sdk/src/rp2_common/pico_stdio_uart/stdio_uart.c.obj
LOAD CMakeFiles/Pill_despenser_project.c.dir/C_/bin/PicoSDKv1.5.0/pico-sdk/src/rp2_common/hardware_flash/flash.c.obj
LOAD C:\Users\Predator\AppData\Local\Temp\ccUw4Hgj.o
LOAD c:/bin/picosdkv1.5.0/gcc-arm-none-eabi/bin/../lib/gcc/arm-none-eabi/10.3.1/../../../../arm-none-eabi/lib/thumb/v6-m/nofp\libstdc++.a
LOAD c:/bin/picosdkv1.5.0/gcc-arm-none-eabi/bin/../lib/gcc/arm-none-eabi/10.3.1/../../../../arm-none-eabi/lib/thumb/v6-m/nofp\libm.a
START GROUP
LOAD c:/bin/picosdkv1.5.0/gcc-arm-none-eabi/bin/../lib/gcc/arm-none-eabi/10.3.1/thumb/v6-m/nofp\libgcc.a
LOAD c:/bin/picosdkv1.5.0/gcc-arm-none-eabi/bin/../lib/gcc/arm-none-eabi/10.3.1/../../../../arm-none-eabi/lib/thumb/v6-m/nofp\libg.a
LOAD c:/bin/picosdkv1.5.0/gcc-arm-none-eabi/bin/../lib/gcc/arm-none-eabi/10.3.1/../../../../arm-none-eabi/lib/thumb/v6-m/nofp\libc.a
END GROUP
START GROUP
LOAD c:/bin/picosdkv1.5.0/gcc-arm-none-eabi/bin/../lib/gcc/arm-none-eabi/10.3.1/thumb/v6-m/nofp\libgcc.a
LOAD c:/bin/picosdkv1.5.0/gcc-arm-none-eabi/bin/../lib/gcc/arm-none-eabi/10.3.1/../../../../arm-none-eabi/lib/thumb/v6-m/nofp\libc.a
LOAD c:/bin/picosdkv1.5.0/gcc-arm-none-eabi/bin/../lib/gcc/arm-none-eabi/10.3.1/../../../../arm-none-eabi/lib/thumb/v6-m/nofp\libnosys.a
END GROUP
LOAD c:/bin/picosdkv1.5.0/gcc-arm-none-eabi/bin/../lib/gcc/arm-none-eabi/10.3.1/thumb/v6-m/nofp/crtend.o
LOAD c:/bin/picosdkv1.5.0/gcc-arm-none-eabi/bin/../lib/gcc/arm-none-eabi/10.3.1/thumb/v6-m/nofp/crtn.o
OUTPUT(Pill_despenser_project.c.elf elf32-littlearm)
LOAD linker stubs

.ARM.attributes
                0x00000000       0x28
 .ARM.attributes
                0x00000000       0x1e c:/bin/picosdkv1.5.0/gcc-arm-none-eabi/bin/../lib/gcc/arm-none-eabi/10.3.1/thumb/v6-m/nofp/crti.o
 .ARM.attributes
                0x0000001e       0x2c c:/bin/picosdkv1.5.0/gcc-arm-none-eabi/bin/../lib/gcc/arm-none-eabi/10.3.1/thumb/v6-m/nofp/crtbegin.o
 .ARM.attributes
                0x0000004a       0x2c CMakeFiles/Pill_despenser_project.c.dir/Final_Version.c.obj
 .ARM.attributes
                0x00000076       0x2c CMakeFiles/Pill_despenser_project.c.dir/C_/bin/PicoSDKv1.5.0/pico-sdk/src/rp2_common/hardware_gpio/gpio.c.obj
 .ARM.attributes
                0x000000a2       0x2c CMakeFiles/Pill_despenser_project.c.dir/C_/bin/PicoSDKv1.5.0/pico-sdk/src/rp2_common/pico_platform/platform.c.obj
 .ARM.attributes
                0x000000ce       0x2c CMakeFiles/Pill_despenser_project.c.dir/C_/bin/PicoSDKv1.5.0/pico-sdk/src/rp2_common/hardware_claim/claim.c.obj
 .ARM.attributes
                0x000000fa       0x2c CMakeFiles/Pill_despenser_project.c.dir/C_/bin/PicoSDKv1.5.0/pico-sdk/src/rp2_common/hardware_sync/sync.c.obj
 .ARM.attributes
                0x00000126       0x2c CMakeFiles/Pill_despenser_project.c.dir/C_/bin/PicoSDKv1.5.0/pico-sdk/src/rp2_common/hardware_irq/irq.c.obj
 .ARM.attributes
                0x00000152       0x22 CMakeFiles/Pill_despenser_project.c.dir/C_/bin/PicoSDKv1.5.0/pico-sdk/src/rp2_common/hardware_irq/irq_handler_chain.S.obj
 .ARM.attributes
                0x00000174       0x2c CMakeFiles/Pill_despenser_project.c.dir/C_/bin/PicoSDKv1.5.0/pico-sdk/src/common/pico_sync/lock_core.c.obj
 .ARM.attributes
                0x000001a0       0x2c CMakeFiles/Pill_despenser_project.c.dir/C_/bin/PicoSDKv1.5.0/pico-sdk/src/common/pico_sync/mutex.c.obj
 .ARM.attributes
                0x000001cc       0x2c CMakeFiles/Pill_despenser_project.c.dir/C_/bin/PicoSDKv1.5.0/pico-sdk/src/common/pico_time/time.c.obj
 .ARM.attributes
                0x000001f8       0x2c CMakeFiles/Pill_despenser_project.c.dir/C_/bin/PicoSDKv1.5.0/pico-sdk/src/rp2_common/hardware_timer/timer.c.obj
 .ARM.attributes
                0x00000224       0x2c CMakeFiles/Pill_despenser_project.c.dir/C_/bin/PicoSDKv1.5.0/pico-sdk/src/common/pico_util/pheap.c.obj
 .ARM.attributes
                0x00000250       0x2c CMakeFiles/Pill_despenser_project.c.dir/C_/bin/PicoSDKv1.5.0/pico-sdk/src/rp2_common/hardware_uart/uart.c.obj
 .ARM.attributes
                0x0000027c       0x2c CMakeFiles/Pill_despenser_project.c.dir/C_/bin/PicoSDKv1.5.0/pico-sdk/src/rp2_common/hardware_clocks/clocks.c.obj
 .ARM.attributes
                0x000002a8       0x2c CMakeFiles/Pill_despenser_project.c.dir/C_/bin/PicoSDKv1.5.0/pico-sdk/src/rp2_common/hardware_pll/pll.c.obj
 .ARM.attributes
                0x000002d4       0x2c CMakeFiles/Pill_despenser_project.c.dir/C_/bin/PicoSDKv1.5.0/pico-sdk/src/rp2_common/hardware_watchdog/watchdog.c.obj
 .ARM.attributes
                0x00000300       0x2c CMakeFiles/Pill_despenser_project.c.dir/C_/bin/PicoSDKv1.5.0/pico-sdk/src/rp2_common/hardware_xosc/xosc.c.obj
 .ARM.attributes
                0x0000032c       0x2c CMakeFiles/Pill_despenser_project.c.dir/C_/bin/PicoSDKv1.5.0/pico-sdk/src/rp2_common/pico_runtime/runtime.c.obj
 .ARM.attributes
                0x00000358       0x2c CMakeFiles/Pill_despenser_project.c.dir/C_/bin/PicoSDKv1.5.0/pico-sdk/src/rp2_common/pico_printf/printf.c.obj
 .ARM.attributes
                0x00000384       0x22 CMakeFiles/Pill_despenser_project.c.dir/C_/bin/PicoSDKv1.5.0/pico-sdk/src/rp2_common/pico_bit_ops/bit_ops_aeabi.S.obj
 .ARM.attributes
                0x000003a6       0x2c CMakeFiles/Pill_despenser_project.c.dir/C_/bin/PicoSDKv1.5.0/pico-sdk/src/rp2_common/pico_bootrom/bootrom.c.obj
 .ARM.attributes
                0x000003d2       0x22 CMakeFiles/Pill_despenser_project.c.dir/C_/bin/PicoSDKv1.5.0/pico-sdk/src/rp2_common/pico_divider/divider.S.obj
 .ARM.attributes
                0x000003f4       0x22 CMakeFiles/Pill_despenser_project.c.dir/C_/bin/PicoSDKv1.5.0/pico-sdk/src/rp2_common/pico_double/double_aeabi.S.obj
 .ARM.attributes
                0x00000416       0x2c CMakeFiles/Pill_despenser_project.c.dir/C_/bin/PicoSDKv1.5.0/pico-sdk/src/rp2_common/pico_double/double_init_rom.c.obj
 .ARM.attributes
                0x00000442       0x22 CMakeFiles/Pill_despenser_project.c.dir/C_/bin/PicoSDKv1.5.0/pico-sdk/src/rp2_common/pico_double/double_v1_rom_shim.S.obj
 .ARM.attributes
                0x00000464       0x22 CMakeFiles/Pill_despenser_project.c.dir/C_/bin/PicoSDKv1.5.0/pico-sdk/src/rp2_common/pico_int64_ops/pico_int64_ops_aeabi.S.obj
 .ARM.attributes
                0x00000486       0x22 CMakeFiles/Pill_despenser_project.c.dir/C_/bin/PicoSDKv1.5.0/pico-sdk/src/rp2_common/pico_float/float_aeabi.S.obj
 .ARM.attributes
                0x000004a8       0x2c CMakeFiles/Pill_despenser_project.c.dir/C_/bin/PicoSDKv1.5.0/pico-sdk/src/rp2_common/pico_float/float_init_rom.c.obj
 .ARM.attributes
                0x000004d4       0x22 CMakeFiles/Pill_despenser_project.c.dir/C_/bin/PicoSDKv1.5.0/pico-sdk/src/rp2_common/pico_mem_ops/mem_ops_aeabi.S.obj
 .ARM.attributes
                0x000004f6       0x22 CMakeFiles/Pill_despenser_project.c.dir/C_/bin/PicoSDKv1.5.0/pico-sdk/src/rp2_common/pico_standard_link/crt0.S.obj
 .ARM.attributes
                0x00000518       0x2c CMakeFiles/Pill_despenser_project.c.dir/C_/bin/PicoSDKv1.5.0/pico-sdk/src/rp2_common/pico_standard_link/binary_info.c.obj
 .ARM.attributes
                0x00000544       0x2c CMakeFiles/Pill_despenser_project.c.dir/C_/bin/PicoSDKv1.5.0/pico-sdk/src/rp2_common/pico_stdio/stdio.c.obj
 .ARM.attributes
                0x00000570       0x2c CMakeFiles/Pill_despenser_project.c.dir/C_/bin/PicoSDKv1.5.0/pico-sdk/src/rp2_common/pico_stdio_uart/stdio_uart.c.obj
 .ARM.attributes
                0x0000059c       0x22 C:\Users\Predator\AppData\Local\Temp\ccUw4Hgj.o
 .ARM.attributes
                0x000005be       0x1e c:/bin/picosdkv1.5.0/gcc-arm-none-eabi/bin/../lib/gcc/arm-none-eabi/10.3.1/thumb/v6-m/nofp\libgcc.a(_dvmd_tls.o)
 .ARM.attributes
                0x000005dc       0x2c c:/bin/picosdkv1.5.0/gcc-arm-none-eabi/bin/../lib/gcc/arm-none-eabi/10.3.1/../../../../arm-none-eabi/lib/thumb/v6-m/nofp\libg.a(lib_a-strlen-stub.o)

.comment        0x00000000       0x49
 .comment       0x00000000       0x49 CMakeFiles/Pill_despenser_project.c.dir/Final_Version.c.obj
                                 0x4a (size before relaxing)
 .comment       0x00000049       0x4a CMakeFiles/Pill_despenser_project.c.dir/C_/bin/PicoSDKv1.5.0/pico-sdk/src/rp2_common/hardware_gpio/gpio.c.obj
 .comment       0x00000049       0x4a CMakeFiles/Pill_despenser_project.c.dir/C_/bin/PicoSDKv1.5.0/pico-sdk/src/rp2_common/pico_platform/platform.c.obj
 .comment       0x00000049       0x4a CMakeFiles/Pill_despenser_project.c.dir/C_/bin/PicoSDKv1.5.0/pico-sdk/src/rp2_common/hardware_claim/claim.c.obj
 .comment       0x00000049       0x4a CMakeFiles/Pill_despenser_project.c.dir/C_/bin/PicoSDKv1.5.0/pico-sdk/src/rp2_common/hardware_sync/sync.c.obj
 .comment       0x00000049       0x4a CMakeFiles/Pill_despenser_project.c.dir/C_/bin/PicoSDKv1.5.0/pico-sdk/src/rp2_common/hardware_irq/irq.c.obj
 .comment       0x00000049       0x4a CMakeFiles/Pill_despenser_project.c.dir/C_/bin/PicoSDKv1.5.0/pico-sdk/src/common/pico_sync/lock_core.c.obj
 .comment       0x00000049       0x4a CMakeFiles/Pill_despenser_project.c.dir/C_/bin/PicoSDKv1.5.0/pico-sdk/src/common/pico_sync/mutex.c.obj
 .comment       0x00000049       0x4a CMakeFiles/Pill_despenser_project.c.dir/C_/bin/PicoSDKv1.5.0/pico-sdk/src/common/pico_time/time.c.obj
 .comment       0x00000049       0x4a CMakeFiles/Pill_despenser_project.c.dir/C_/bin/PicoSDKv1.5.0/pico-sdk/src/rp2_common/hardware_timer/timer.c.obj
 .comment       0x00000049       0x4a CMakeFiles/Pill_despenser_project.c.dir/C_/bin/PicoSDKv1.5.0/pico-sdk/src/common/pico_util/pheap.c.obj
 .comment       0x00000049       0x4a CMakeFiles/Pill_despenser_project.c.dir/C_/bin/PicoSDKv1.5.0/pico-sdk/src/rp2_common/hardware_uart/uart.c.obj
 .comment       0x00000049       0x4a CMakeFiles/Pill_despenser_project.c.dir/C_/bin/PicoSDKv1.5.0/pico-sdk/src/rp2_common/hardware_clocks/clocks.c.obj
 .comment       0x00000049       0x4a CMakeFiles/Pill_despenser_project.c.dir/C_/bin/PicoSDKv1.5.0/pico-sdk/src/rp2_common/hardware_pll/pll.c.obj
 .comment       0x00000049       0x4a CMakeFiles/Pill_despenser_project.c.dir/C_/bin/PicoSDKv1.5.0/pico-sdk/src/rp2_common/hardware_watchdog/watchdog.c.obj
 .comment       0x00000049       0x4a CMakeFiles/Pill_despenser_project.c.dir/C_/bin/PicoSDKv1.5.0/pico-sdk/src/rp2_common/hardware_xosc/xosc.c.obj
 .comment       0x00000049       0x4a CMakeFiles/Pill_despenser_project.c.dir/C_/bin/PicoSDKv1.5.0/pico-sdk/src/rp2_common/pico_runtime/runtime.c.obj
 .comment       0x00000049       0x4a CMakeFiles/Pill_despenser_project.c.dir/C_/bin/PicoSDKv1.5.0/pico-sdk/src/rp2_common/pico_printf/printf.c.obj
 .comment       0x00000049       0x4a CMakeFiles/Pill_despenser_project.c.dir/C_/bin/PicoSDKv1.5.0/pico-sdk/src/rp2_common/pico_bootrom/bootrom.c.obj
 .comment       0x00000049       0x4a CMakeFiles/Pill_despenser_project.c.dir/C_/bin/PicoSDKv1.5.0/pico-sdk/src/rp2_common/pico_double/double_init_rom.c.obj
 .comment       0x00000049       0x4a CMakeFiles/Pill_despenser_project.c.dir/C_/bin/PicoSDKv1.5.0/pico-sdk/src/rp2_common/pico_float/float_init_rom.c.obj
 .comment       0x00000049       0x4a CMakeFiles/Pill_despenser_project.c.dir/C_/bin/PicoSDKv1.5.0/pico-sdk/src/rp2_common/pico_standard_link/binary_info.c.obj
 .comment       0x00000049       0x4a CMakeFiles/Pill_despenser_project.c.dir/C_/bin/PicoSDKv1.5.0/pico-sdk/src/rp2_common/pico_stdio/stdio.c.obj
 .comment       0x00000049       0x4a CMakeFiles/Pill_despenser_project.c.dir/C_/bin/PicoSDKv1.5.0/pico-sdk/src/rp2_common/pico_stdio_uart/stdio_uart.c.obj

.debug_info     0x00000000    0x176da
 .debug_info    0x00000000     0x2617 CMakeFiles/Pill_despenser_project.c.dir/Final_Version.c.obj
 .debug_info    0x00002617     0x16d8 CMakeFiles/Pill_despenser_project.c.dir/C_/bin/PicoSDKv1.5.0/pico-sdk/src/rp2_common/hardware_gpio/gpio.c.obj
 .debug_info    0x00003cef      0x1e3 CMakeFiles/Pill_despenser_project.c.dir/C_/bin/PicoSDKv1.5.0/pico-sdk/src/rp2_common/pico_platform/platform.c.obj
 .debug_info    0x00003ed2      0x6bc CMakeFiles/Pill_despenser_project.c.dir/C_/bin/PicoSDKv1.5.0/pico-sdk/src/rp2_common/hardware_claim/claim.c.obj
 .debug_info    0x0000458e      0x58e CMakeFiles/Pill_despenser_project.c.dir/C_/bin/PicoSDKv1.5.0/pico-sdk/src/rp2_common/hardware_sync/sync.c.obj
 .debug_info    0x00004b1c     0x1c9c CMakeFiles/Pill_despenser_project.c.dir/C_/bin/PicoSDKv1.5.0/pico-sdk/src/rp2_common/hardware_irq/irq.c.obj
 .debug_info    0x000067b8      0x1a4 CMakeFiles/Pill_despenser_project.c.dir/C_/bin/PicoSDKv1.5.0/pico-sdk/src/common/pico_sync/lock_core.c.obj
 .debug_info    0x0000695c     0x20d3 CMakeFiles/Pill_despenser_project.c.dir/C_/bin/PicoSDKv1.5.0/pico-sdk/src/common/pico_sync/mutex.c.obj
 .debug_info    0x00008a2f     0x4066 CMakeFiles/Pill_despenser_project.c.dir/C_/bin/PicoSDKv1.5.0/pico-sdk/src/common/pico_time/time.c.obj
 .debug_info    0x0000ca95     0x13ee CMakeFiles/Pill_despenser_project.c.dir/C_/bin/PicoSDKv1.5.0/pico-sdk/src/rp2_common/hardware_timer/timer.c.obj
 .debug_info    0x0000de83     0x123b CMakeFiles/Pill_despenser_project.c.dir/C_/bin/PicoSDKv1.5.0/pico-sdk/src/common/pico_util/pheap.c.obj
 .debug_info    0x0000f0be      0xb65 CMakeFiles/Pill_despenser_project.c.dir/C_/bin/PicoSDKv1.5.0/pico-sdk/src/rp2_common/hardware_uart/uart.c.obj
 .debug_info    0x0000fc23      0xf8d CMakeFiles/Pill_despenser_project.c.dir/C_/bin/PicoSDKv1.5.0/pico-sdk/src/rp2_common/hardware_clocks/clocks.c.obj
 .debug_info    0x00010bb0      0x51b CMakeFiles/Pill_despenser_project.c.dir/C_/bin/PicoSDKv1.5.0/pico-sdk/src/rp2_common/hardware_pll/pll.c.obj
 .debug_info    0x000110cb      0x4ee CMakeFiles/Pill_despenser_project.c.dir/C_/bin/PicoSDKv1.5.0/pico-sdk/src/rp2_common/hardware_watchdog/watchdog.c.obj
 .debug_info    0x000115b9      0x1d8 CMakeFiles/Pill_despenser_project.c.dir/C_/bin/PicoSDKv1.5.0/pico-sdk/src/rp2_common/hardware_xosc/xosc.c.obj
 .debug_info    0x00011791     0x1028 CMakeFiles/Pill_despenser_project.c.dir/C_/bin/PicoSDKv1.5.0/pico-sdk/src/rp2_common/pico_runtime/runtime.c.obj
 .debug_info    0x000127b9     0x1a5f CMakeFiles/Pill_despenser_project.c.dir/C_/bin/PicoSDKv1.5.0/pico-sdk/src/rp2_common/pico_printf/printf.c.obj
 .debug_info    0x00014218       0x22 CMakeFiles/Pill_despenser_project.c.dir/C_/bin/PicoSDKv1.5.0/pico-sdk/src/rp2_common/pico_bit_ops/bit_ops_aeabi.S.obj
 .debug_info    0x0001423a      0x27c CMakeFiles/Pill_despenser_project.c.dir/C_/bin/PicoSDKv1.5.0/pico-sdk/src/rp2_common/pico_bootrom/bootrom.c.obj
 .debug_info    0x000144b6       0x22 CMakeFiles/Pill_despenser_project.c.dir/C_/bin/PicoSDKv1.5.0/pico-sdk/src/rp2_common/pico_divider/divider.S.obj
 .debug_info    0x000144d8       0x22 CMakeFiles/Pill_despenser_project.c.dir/C_/bin/PicoSDKv1.5.0/pico-sdk/src/rp2_common/pico_double/double_aeabi.S.obj
 .debug_info    0x000144fa      0x2fb CMakeFiles/Pill_despenser_project.c.dir/C_/bin/PicoSDKv1.5.0/pico-sdk/src/rp2_common/pico_double/double_init_rom.c.obj
 .debug_info    0x000147f5       0x26 CMakeFiles/Pill_despenser_project.c.dir/C_/bin/PicoSDKv1.5.0/pico-sdk/src/rp2_common/pico_double/double_v1_rom_shim.S.obj
 .debug_info    0x0001481b       0x26 CMakeFiles/Pill_despenser_project.c.dir/C_/bin/PicoSDKv1.5.0/pico-sdk/src/rp2_common/pico_int64_ops/pico_int64_ops_aeabi.S.obj
 .debug_info    0x00014841       0x22 CMakeFiles/Pill_despenser_project.c.dir/C_/bin/PicoSDKv1.5.0/pico-sdk/src/rp2_common/pico_float/float_aeabi.S.obj
 .debug_info    0x00014863      0x2d8 CMakeFiles/Pill_despenser_project.c.dir/C_/bin/PicoSDKv1.5.0/pico-sdk/src/rp2_common/pico_float/float_init_rom.c.obj
 .debug_info    0x00014b3b       0x22 CMakeFiles/Pill_despenser_project.c.dir/C_/bin/PicoSDKv1.5.0/pico-sdk/src/rp2_common/pico_mem_ops/mem_ops_aeabi.S.obj
 .debug_info    0x00014b5d       0x22 CMakeFiles/Pill_despenser_project.c.dir/C_/bin/PicoSDKv1.5.0/pico-sdk/src/rp2_common/pico_standard_link/crt0.S.obj
 .debug_info    0x00014b7f      0x2f6 CMakeFiles/Pill_despenser_project.c.dir/C_/bin/PicoSDKv1.5.0/pico-sdk/src/rp2_common/pico_standard_link/binary_info.c.obj
 .debug_info    0x00014e75     0x1821 CMakeFiles/Pill_despenser_project.c.dir/C_/bin/PicoSDKv1.5.0/pico-sdk/src/rp2_common/pico_stdio/stdio.c.obj
 .debug_info    0x00016696     0x1044 CMakeFiles/Pill_despenser_project.c.dir/C_/bin/PicoSDKv1.5.0/pico-sdk/src/rp2_common/pico_stdio_uart/stdio_uart.c.obj

.debug_abbrev   0x00000000     0x439b
 .debug_abbrev  0x00000000      0x3a3 CMakeFiles/Pill_despenser_project.c.dir/Final_Version.c.obj
 .debug_abbrev  0x000003a3      0x339 CMakeFiles/Pill_despenser_project.c.dir/C_/bin/PicoSDKv1.5.0/pico-sdk/src/rp2_common/hardware_gpio/gpio.c.obj
 .debug_abbrev  0x000006dc       0xeb CMakeFiles/Pill_despenser_project.c.dir/C_/bin/PicoSDKv1.5.0/pico-sdk/src/rp2_common/pico_platform/platform.c.obj
 .debug_abbrev  0x000007c7      0x2e9 CMakeFiles/Pill_despenser_project.c.dir/C_/bin/PicoSDKv1.5.0/pico-sdk/src/rp2_common/hardware_claim/claim.c.obj
 .debug_abbrev  0x00000ab0      0x21b CMakeFiles/Pill_despenser_project.c.dir/C_/bin/PicoSDKv1.5.0/pico-sdk/src/rp2_common/hardware_sync/sync.c.obj
 .debug_abbrev  0x00000ccb      0x4e7 CMakeFiles/Pill_despenser_project.c.dir/C_/bin/PicoSDKv1.5.0/pico-sdk/src/rp2_common/hardware_irq/irq.c.obj
 .debug_abbrev  0x000011b2      0x116 CMakeFiles/Pill_despenser_project.c.dir/C_/bin/PicoSDKv1.5.0/pico-sdk/src/common/pico_sync/lock_core.c.obj
 .debug_abbrev  0x000012c8      0x397 CMakeFiles/Pill_despenser_project.c.dir/C_/bin/PicoSDKv1.5.0/pico-sdk/src/common/pico_sync/mutex.c.obj
 .debug_abbrev  0x0000165f      0x571 CMakeFiles/Pill_despenser_project.c.dir/C_/bin/PicoSDKv1.5.0/pico-sdk/src/common/pico_time/time.c.obj
 .debug_abbrev  0x00001bd0      0x3b8 CMakeFiles/Pill_despenser_project.c.dir/C_/bin/PicoSDKv1.5.0/pico-sdk/src/rp2_common/hardware_timer/timer.c.obj
 .debug_abbrev  0x00001f88      0x297 CMakeFiles/Pill_despenser_project.c.dir/C_/bin/PicoSDKv1.5.0/pico-sdk/src/common/pico_util/pheap.c.obj
 .debug_abbrev  0x0000221f      0x2d2 CMakeFiles/Pill_despenser_project.c.dir/C_/bin/PicoSDKv1.5.0/pico-sdk/src/rp2_common/hardware_uart/uart.c.obj
 .debug_abbrev  0x000024f1      0x3a5 CMakeFiles/Pill_despenser_project.c.dir/C_/bin/PicoSDKv1.5.0/pico-sdk/src/rp2_common/hardware_clocks/clocks.c.obj
 .debug_abbrev  0x00002896      0x1ea CMakeFiles/Pill_despenser_project.c.dir/C_/bin/PicoSDKv1.5.0/pico-sdk/src/rp2_common/hardware_pll/pll.c.obj